2026-06-12T00:01:03.435Z Arena Live serving http://localhost:8901/  (pid 47504)
2026-06-12T00:07:16.646Z rebuilt (startup) in 374867ms — 150 fights, 14 cards, 22 board rows, 1071 rank snapshots, 20 doctrines, 30 graph nodes, 3 warnings
2026-06-12T00:13:32.678Z rebuilt (inputs changed) in 372608ms — 150 fights, 14 cards, 22 board rows, 1072 rank snapshots, 20 doctrines, 30 graph nodes, 3 warnings
2026-06-12T00:19:47.539Z rebuilt (inputs changed) in 371919ms — 150 fights, 14 cards, 22 board rows, 1073 rank snapshots, 20 doctrines, 30 graph nodes, 3 warnings
2026-06-12T00:26:18.308Z rebuilt (inputs changed) in 382672ms — 150 fights, 14 cards, 22 board rows, 1076 rank snapshots, 20 doctrines, 30 graph nodes, 3 warnings
2026-06-12T00:35:44.350Z rebuilt (inputs changed) in 563322ms — 150 fights, 14 cards, 22 board rows, 1076 rank snapshots, 20 doctrines, 30 graph nodes, 3 warnings
2026-06-12T00:46:26.685Z rebuilt (inputs changed) in 638234ms — 150 fights, 14 cards, 22 board rows, 1123 rank snapshots, 20 doctrines, 30 graph nodes, 3 warnings
2026-06-12T00:53:43.811Z rebuilt (inputs changed) in 433007ms — 150 fights, 14 cards, 22 board rows, 1157 rank snapshots, 20 doctrines, 30 graph nodes, 3 warnings
2026-06-12T00:59:29.107Z rebuilt (inputs changed) in 341382ms — 150 fights, 14 cards, 22 board rows, 1180 rank snapshots, 20 doctrines, 30 graph nodes, 3 warnings
2026-06-12T01:05:44.323Z rebuilt (inputs changed) in 371514ms — 150 fights, 14 cards, 22 board rows, 1210 rank snapshots, 20 doctrines, 30 graph nodes, 3 warnings
2026-06-12T01:12:05.912Z rebuilt (inputs changed) in 377942ms — 150 fights, 14 cards, 22 board rows, 1230 rank snapshots, 21 doctrines, 30 graph nodes, 3 warnings
2026-06-12T01:18:59.583Z rebuilt (inputs changed) in 406488ms — 150 fights, 14 cards, 22 board rows, 1253 rank snapshots, 22 doctrines, 30 graph nodes, 3 warnings
2026-06-12T01:25:34.250Z rebuilt (inputs changed) in 381025ms — 150 fights, 14 cards, 22 board rows, 1269 rank snapshots, 22 doctrines, 30 graph nodes, 3 warnings
2026-06-12T01:31:47.026Z rebuilt (inputs changed) in 363822ms — 150 fights, 14 cards, 22 board rows, 1269 rank snapshots, 22 doctrines, 30 graph nodes, 3 warnings
2026-06-12T01:40:49.932Z rebuilt (inputs changed) in 515515ms — 150 fights, 14 cards, 22 board rows, 1269 rank snapshots, 23 doctrines, 30 graph nodes, 3 warnings
2026-06-12T01:50:28.938Z rebuilt (inputs changed) in 575819ms — 150 fights, 15 cards, 23 board rows, 1285 rank snapshots, 23 doctrines, 30 graph nodes, 3 warnings
2026-06-12T01:57:59.781Z rebuilt (inputs changed) in 447528ms — 150 fights, 15 cards, 24 board rows, 1314 rank snapshots, 23 doctrines, 30 graph nodes, 3 warnings
2026-06-12T02:06:00.220Z rebuilt (inputs changed) in 477128ms — 150 fights, 15 cards, 24 board rows, 1330 rank snapshots, 23 doctrines, 30 graph nodes, 3 warnings
2026-06-12T02:13:35.185Z rebuilt (inputs changed) in 452172ms — 150 fights, 15 cards, 24 board rows, 1343 rank snapshots, 23 doctrines, 30 graph nodes, 3 warnings
2026-06-12T02:20:50.207Z rebuilt (inputs changed) in 432155ms — 150 fights, 15 cards, 24 board rows, 1357 rank snapshots, 23 doctrines, 30 graph nodes, 3 warnings
2026-06-12T02:28:20.108Z rebuilt (inputs changed) in 446751ms — 150 fights, 15 cards, 24 board rows, 1369 rank snapshots, 23 doctrines, 30 graph nodes, 3 warnings
2026-06-12T02:36:22.113Z rebuilt (inputs changed) in 478146ms — 150 fights, 15 cards, 24 board rows, 1378 rank snapshots, 23 doctrines, 30 graph nodes, 3 warnings
2026-06-12T02:44:10.795Z rebuilt (inputs changed) in 465762ms — 150 fights, 15 cards, 24 board rows, 1381 rank snapshots, 23 doctrines, 30 graph nodes, 3 warnings
2026-06-12T02:53:19.039Z rebuilt (inputs changed) in 543851ms — 150 fights, 15 cards, 24 board rows, 1396 rank snapshots, 23 doctrines, 30 graph nodes, 3 warnings
2026-06-12T03:02:52.440Z rebuilt (inputs changed) in 562571ms — 150 fights, 15 cards, 24 board rows, 1403 rank snapshots, 23 doctrines, 30 graph nodes, 3 warnings
2026-06-12T03:12:07.210Z rebuilt (inputs changed) in 543740ms — 150 fights, 15 cards, 24 board rows, 1427 rank snapshots, 23 doctrines, 30 graph nodes, 3 warnings
2026-06-12T03:21:26.595Z rebuilt (inputs changed) in 547710ms — 150 fights, 15 cards, 24 board rows, 1445 rank snapshots, 23 doctrines, 30 graph nodes, 3 warnings
2026-06-12T03:31:02.324Z rebuilt (inputs changed) in 564575ms — 150 fights, 15 cards, 24 board rows, 1447 rank snapshots, 23 doctrines, 30 graph nodes, 3 warnings
2026-06-12T03:41:35.653Z rebuilt (inputs changed) in 621602ms — 150 fights, 15 cards, 24 board rows, 1460 rank snapshots, 23 doctrines, 30 graph nodes, 3 warnings
2026-06-12T03:52:25.486Z rebuilt (inputs changed) in 636290ms — 150 fights, 15 cards, 24 board rows, 1481 rank snapshots, 23 doctrines, 30 graph nodes, 3 warnings
2026-06-12T04:03:30.010Z rebuilt (inputs changed) in 651556ms — 150 fights, 15 cards, 24 board rows, 1498 rank snapshots, 23 doctrines, 30 graph nodes, 3 warnings
2026-06-12T04:16:06.861Z rebuilt (inputs changed) in 744108ms — 150 fights, 15 cards, 24 board rows, 1524 rank snapshots, 23 doctrines, 30 graph nodes, 3 warnings
2026-06-12T04:26:58.630Z rebuilt (inputs changed) in 638569ms — 150 fights, 15 cards, 24 board rows, 1544 rank snapshots, 23 doctrines, 30 graph nodes, 3 warnings
2026-06-12T04:37:39.517Z rebuilt (inputs changed) in 626555ms — 150 fights, 15 cards, 24 board rows, 1544 rank snapshots, 23 doctrines, 30 graph nodes, 3 warnings
2026-06-12T04:48:03.204Z rebuilt (inputs changed) in 607492ms — 150 fights, 15 cards, 24 board rows, 1544 rank snapshots, 23 doctrines, 30 graph nodes, 3 warnings
2026-06-12T04:58:31.795Z rebuilt (inputs changed) in 614823ms — 150 fights, 15 cards, 24 board rows, 1544 rank snapshots, 23 doctrines, 30 graph nodes, 3 warnings
2026-06-12T05:09:03.296Z rebuilt (inputs changed) in 618193ms — 150 fights, 15 cards, 24 board rows, 1544 rank snapshots, 23 doctrines, 30 graph nodes, 3 warnings
2026-06-12T05:19:32.342Z rebuilt (inputs changed) in 615999ms — 150 fights, 15 cards, 24 board rows, 1544 rank snapshots, 23 doctrines, 30 graph nodes, 3 warnings
2026-06-12T05:31:23.307Z rebuilt (inputs changed) in 695796ms — 150 fights, 15 cards, 24 board rows, 1546 rank snapshots, 24 doctrines, 30 graph nodes, 3 warnings
2026-06-12T05:43:16.524Z rebuilt (inputs changed) in 691758ms — 150 fights, 15 cards, 24 board rows, 1546 rank snapshots, 25 doctrines, 30 graph nodes, 3 warnings
2026-06-12T06:04:28.053Z REBUILD FAILED (inputs changed): Command failed: /Users/robertgrayson/.asdf/installs/nodejs/25.3.0/bin/node /Users/robertgrayson/code/soldat_remastered/soldat/arena-live/build.mjs
2026-06-12T06:04:28.054Z   builder stderr: [arena-live] WARN: unreadable JSON datasets/20260611-214811-kestrel-vs-plover/manifest.json: ENOENT: no such file or directory, open '/Users/robertgrayson/code/soldat_remastered/soldat/datasets/20260611-214811-kestrel-vs-plover/manifest.json.gz' | [arena-live] WARN: unreadable JSON datasets/20260611-214811-kestrel-vs-plover/summary.json: ENOENT: no such file or directory, open '/Users/robertgrayson/code/soldat_remastered/soldat/datasets/20260611-214811-kestrel-vs-plover/summary.json.gz' | [arena-live] WARN: dataset 20260611-214811-kestrel-vs-plover: missing/bad manifest.json — skipped
2026-06-12T06:26:00.658Z REBUILD FAILED (inputs changed): Command failed: /Users/robertgrayson/.asdf/installs/nodejs/25.3.0/bin/node /Users/robertgrayson/code/soldat_remastered/soldat/arena-live/build.mjs
2026-06-12T06:26:00.659Z   builder stderr: [arena-live] WARN: unreadable JSON datasets/20260611-214811-kestrel-vs-plover/manifest.json: ENOENT: no such file or directory, open '/Users/robertgrayson/code/soldat_remastered/soldat/datasets/20260611-214811-kestrel-vs-plover/manifest.json.gz' | [arena-live] WARN: unreadable JSON datasets/20260611-214811-kestrel-vs-plover/summary.json: ENOENT: no such file or directory, open '/Users/robertgrayson/code/soldat_remastered/soldat/datasets/20260611-214811-kestrel-vs-plover/summary.json.gz' | [arena-live] WARN: dataset 20260611-214811-kestrel-vs-plover: missing/bad manifest.json — skipped
2026-06-12T06:42:34.315Z rebuilt (inputs changed) in 971100ms — 150 fights, 24 cards, 33 board rows, 1577 rank snapshots, 25 doctrines, 30 graph nodes, 2117 warnings
2026-06-12T07:25:09.778Z REBUILD FAILED (inputs changed): Command failed: /Users/robertgrayson/.asdf/installs/nodejs/25.3.0/bin/node /Users/robertgrayson/code/soldat_remastered/soldat/arena-live/build.mjs
2026-06-12T07:25:09.778Z   builder stderr: [arena-live] WARN: unreadable JSON datasets/20260612-014228-classic-vs-matador/manifest.json: ENOENT: no such file or directory, open '/Users/robertgrayson/code/soldat_remastered/soldat/datasets/20260612-014228-classic-vs-matador/manifest.json.gz' | [arena-live] WARN: unreadable JSON datasets/20260612-014228-classic-vs-matador/summary.json: ENOENT: no such file or directory, open '/Users/robertgrayson/code/soldat_remastered/soldat/datasets/20260612-014228-classic-vs-matador/summary.json.gz' | [arena-live] WARN: dataset 20260612-014228-classic-vs-matador: missing/bad manifest.json — skipped
2026-06-12T10:02:20.911Z REBUILD FAILED (inputs changed): Command failed: /Users/robertgrayson/.asdf/installs/nodejs/25.3.0/bin/node /Users/robertgrayson/code/soldat_remastered/soldat/arena-live/build.mjs
2026-06-12T11:40:30.276Z REBUILD FAILED (inputs changed): Command failed: /Users/robertgrayson/.asdf/installs/nodejs/25.3.0/bin/node /Users/robertgrayson/code/soldat_remastered/soldat/arena-live/build.mjs
2026-06-12T12:50:51.414Z REBUILD FAILED (inputs changed): Command failed: /Users/robertgrayson/.asdf/installs/nodejs/25.3.0/bin/node /Users/robertgrayson/code/soldat_remastered/soldat/arena-live/build.mjs
2026-06-12T13:31:38.119Z REBUILD FAILED (inputs changed): Command failed: /Users/robertgrayson/.asdf/installs/nodejs/25.3.0/bin/node /Users/robertgrayson/code/soldat_remastered/soldat/arena-live/build.mjs
2026-06-12T13:43:34.776Z Arena Live serving http://localhost:8901/  (pid 16201)
2026-06-12T14:04:13.068Z REBUILD FAILED (startup): Command failed: /Users/robertgrayson/.asdf/installs/nodejs/25.3.0/bin/node /Users/robertgrayson/code/soldat_remastered/soldat/arena-live/build.mjs
2026-06-12T14:04:13.070Z   builder stderr: [arena-live] WARN: unreadable JSON datasets/20260612-013704-BELMONTE-cuadrilla-vs-BLACKFISH-orca/manifest.json: ENOENT: no such file or directory, open '/Users/robertgrayson/code/soldat_remastered/soldat/datasets/20260612-013704-BELMONTE-cuadrilla-vs-BLACKFISH-orca/manifest.json.gz' | [arena-live] WARN: unreadable JSON datasets/20260612-013704-BELMONTE-cuadrilla-vs-BLACKFISH-orca/summary.json: ENOENT: no such file or directory, open '/Users/robertgrayson/code/soldat_remastered/soldat/datasets/20260612-013704-BELMONTE-cuadrilla-vs-BLACKFISH-orca/summary.json.gz' | [arena-live] WARN: dataset 20260612-013704-BELMONTE-cuadrilla-vs-BLACKFISH-orca: missing/bad manifest.json — skipped
2026-06-12T14:19:36.753Z rebuilt (inputs changed) in 912610ms — 150 fights, 16 cards, 33 board rows, 1633 rank snapshots, 25 doctrines, 30 graph nodes, 2120 warnings
2026-06-12T14:35:07.742Z rebuilt (inputs changed) in 909758ms — 150 fights, 16 cards, 33 board rows, 1640 rank snapshots, 25 doctrines, 30 graph nodes, 2120 warnings
2026-06-12T14:52:17.541Z rebuilt (inputs changed) in 1010153ms — 150 fights, 16 cards, 33 board rows, 1645 rank snapshots, 25 doctrines, 30 graph nodes, 2120 warnings
2026-06-12T15:07:59.339Z rebuilt (inputs changed) in 922480ms — 150 fights, 16 cards, 33 board rows, 1654 rank snapshots, 25 doctrines, 30 graph nodes, 2120 warnings
2026-06-12T15:30:46.699Z rebuilt (inputs changed) in 1346927ms — 150 fights, 16 cards, 33 board rows, 1662 rank snapshots, 25 doctrines, 30 graph nodes, 2120 warnings
2026-06-12T15:43:14.821Z rebuilt (inputs changed) in 704239ms — 150 fights, 16 cards, 33 board rows, 1669 rank snapshots, 25 doctrines, 30 graph nodes, 2120 warnings
2026-06-12T15:54:43.471Z rebuilt (inputs changed) in 667828ms — 150 fights, 16 cards, 33 board rows, 1674 rank snapshots, 25 doctrines, 30 graph nodes, 2120 warnings
2026-06-12T16:05:56.514Z rebuilt (inputs changed) in 652436ms — 150 fights, 16 cards, 33 board rows, 1681 rank snapshots, 25 doctrines, 30 graph nodes, 2120 warnings
2026-06-12T16:16:57.302Z rebuilt (inputs changed) in 644762ms — 150 fights, 16 cards, 33 board rows, 1690 rank snapshots, 25 doctrines, 30 graph nodes, 2120 warnings
2026-06-12T16:27:49.425Z rebuilt (inputs changed) in 635945ms — 150 fights, 16 cards, 33 board rows, 1695 rank snapshots, 25 doctrines, 30 graph nodes, 2120 warnings
2026-06-12T16:38:26.843Z rebuilt (inputs changed) in 621378ms — 150 fights, 16 cards, 33 board rows, 1706 rank snapshots, 25 doctrines, 30 graph nodes, 2120 warnings
2026-06-12T16:50:25.116Z rebuilt (inputs changed) in 702297ms — 150 fights, 16 cards, 33 board rows, 1713 rank snapshots, 25 doctrines, 30 graph nodes, 2120 warnings
2026-06-12T16:57:50.537Z rebuilt (inputs changed) in 407018ms — 150 fights, 16 cards, 19 board rows, 1734 rank snapshots, 25 doctrines, 30 graph nodes, 2120 warnings
2026-06-12T17:02:50.110Z rebuilt (inputs changed) in 279441ms — 150 fights, 16 cards, 20 board rows, 1744 rank snapshots, 25 doctrines, 30 graph nodes, 2120 warnings
2026-06-12T17:08:43.680Z rebuilt (inputs changed) in 337250ms — 150 fights, 16 cards, 20 board rows, 1756 rank snapshots, 25 doctrines, 30 graph nodes, 2120 warnings
2026-06-12T17:14:59.335Z rebuilt (inputs changed) in 354364ms — 150 fights, 16 cards, 20 board rows, 1765 rank snapshots, 25 doctrines, 30 graph nodes, 2120 warnings
2026-06-12T17:21:25.780Z rebuilt (inputs changed) in 364656ms — 150 fights, 16 cards, 20 board rows, 1770 rank snapshots, 25 doctrines, 30 graph nodes, 2120 warnings
2026-06-12T17:28:02.699Z rebuilt (inputs changed) in 375819ms — 150 fights, 16 cards, 20 board rows, 1772 rank snapshots, 25 doctrines, 30 graph nodes, 2120 warnings
2026-06-12T17:34:38.744Z rebuilt (inputs changed) in 375464ms — 150 fights, 16 cards, 20 board rows, 1779 rank snapshots, 25 doctrines, 30 graph nodes, 2120 warnings
2026-06-12T17:41:14.641Z rebuilt (inputs changed) in 364168ms — 150 fights, 16 cards, 20 board rows, 1790 rank snapshots, 25 doctrines, 30 graph nodes, 2120 warnings
2026-06-12T17:47:31.117Z rebuilt (inputs changed) in 355630ms — 150 fights, 16 cards, 20 board rows, 1794 rank snapshots, 25 doctrines, 30 graph nodes, 2120 warnings
2026-06-12T17:54:04.992Z rebuilt (inputs changed) in 373255ms — 150 fights, 16 cards, 20 board rows, 1801 rank snapshots, 25 doctrines, 30 graph nodes, 2120 warnings
2026-06-12T18:00:46.459Z rebuilt (inputs changed) in 380703ms — 150 fights, 16 cards, 20 board rows, 1808 rank snapshots, 25 doctrines, 30 graph nodes, 2120 warnings
2026-06-12T18:08:38.042Z rebuilt (inputs changed) in 450212ms — 150 fights, 16 cards, 20 board rows, 1813 rank snapshots, 25 doctrines, 30 graph nodes, 2120 warnings
2026-06-12T18:17:43.219Z rebuilt (inputs changed) in 512446ms — 150 fights, 16 cards, 20 board rows, 1819 rank snapshots, 25 doctrines, 30 graph nodes, 1382 warnings
2026-06-12T18:25:39.619Z rebuilt (inputs changed) in 450325ms — 150 fights, 16 cards, 20 board rows, 1825 rank snapshots, 25 doctrines, 30 graph nodes, 6 warnings
2026-06-12T18:36:45.651Z rebuilt (inputs changed) in 640289ms — 150 fights, 16 cards, 20 board rows, 1833 rank snapshots, 25 doctrines, 30 graph nodes, 6 warnings
2026-06-12T18:47:52.507Z rebuilt (inputs changed) in 637433ms — 150 fights, 16 cards, 20 board rows, 1840 rank snapshots, 25 doctrines, 30 graph nodes, 6 warnings
2026-06-12T18:59:34.672Z rebuilt (inputs changed) in 672085ms — 150 fights, 16 cards, 20 board rows, 1851 rank snapshots, 25 doctrines, 30 graph nodes, 6 warnings
2026-06-12T19:07:33.243Z rebuilt (inputs changed) in 448265ms — 150 fights, 16 cards, 20 board rows, 1868 rank snapshots, 25 doctrines, 30 graph nodes, 6 warnings
2026-06-12T19:16:04.732Z REBUILD FAILED (inputs changed): Command failed: /Users/robertgrayson/.asdf/installs/nodejs/25.3.0/bin/node /Users/robertgrayson/code/soldat_remastered/soldat/arena-live/build.mjs
2026-06-12T19:16:04.733Z   builder stderr: } |  | Node.js v25.3.0
2026-06-12T19:23:02.439Z rebuilt (periodic) in 351007ms — 150 fights, 16 cards, 20 board rows, 1874 rank snapshots, 25 doctrines, 30 graph nodes, 9 warnings
2026-06-12T19:29:13.983Z rebuilt (inputs changed) in 350751ms — 150 fights, 16 cards, 20 board rows, 1878 rank snapshots, 25 doctrines, 30 graph nodes, 9 warnings
2026-06-12T19:36:50.549Z REBUILD FAILED (inputs changed): Command failed: /Users/robertgrayson/.asdf/installs/nodejs/25.3.0/bin/node /Users/robertgrayson/code/soldat_remastered/soldat/arena-live/build.mjs
2026-06-12T19:36:50.549Z   builder stderr: } |  | Node.js v25.3.0
2026-06-12T19:46:21.700Z rebuilt (periodic) in 503048ms — 150 fights, 16 cards, 20 board rows, 1891 rank snapshots, 25 doctrines, 30 graph nodes, 12 warnings
2026-06-12T19:58:30.229Z rebuilt (inputs changed) in 709943ms — 150 fights, 16 cards, 20 board rows, 1897 rank snapshots, 25 doctrines, 30 graph nodes, 12 warnings
2026-06-12T22:29:52.464Z REBUILD FAILED (inputs changed): Command failed: /Users/robertgrayson/.asdf/installs/nodejs/25.3.0/bin/node /Users/robertgrayson/code/soldat_remastered/soldat/arena-live/build.mjs
2026-06-13T00:58:16.860Z REBUILD FAILED (inputs changed): Command failed: /Users/robertgrayson/.asdf/installs/nodejs/25.3.0/bin/node /Users/robertgrayson/code/soldat_remastered/soldat/arena-live/build.mjs
2026-06-13T04:01:12.129Z REBUILD FAILED (inputs changed): Command failed: /Users/robertgrayson/.asdf/installs/nodejs/25.3.0/bin/node /Users/robertgrayson/code/soldat_remastered/soldat/arena-live/build.mjs
2026-06-13T08:30:04.556Z REBUILD FAILED (inputs changed): Command failed: /Users/robertgrayson/.asdf/installs/nodejs/25.3.0/bin/node /Users/robertgrayson/code/soldat_remastered/soldat/arena-live/build.mjs
2026-06-13T08:44:24.063Z rebuilt (inputs changed) in 823579ms — 150 fights, 16 cards, 20 board rows, 1922 rank snapshots, 25 doctrines, 30 graph nodes, 12 warnings
2026-06-13T08:57:48.400Z rebuilt (inputs changed) in 772164ms — 150 fights, 16 cards, 20 board rows, 1944 rank snapshots, 25 doctrines, 30 graph nodes, 12 warnings
2026-06-13T09:09:42.912Z rebuilt (inputs changed) in 689625ms — 150 fights, 16 cards, 20 board rows, 1987 rank snapshots, 25 doctrines, 30 graph nodes, 12 warnings
2026-06-13T11:08:32.814Z REBUILD FAILED (inputs changed): Command failed: /Users/robertgrayson/.asdf/installs/nodejs/25.3.0/bin/node /Users/robertgrayson/code/soldat_remastered/soldat/arena-live/build.mjs
2026-06-13T12:15:54.190Z REBUILD FAILED (inputs changed): Command failed: /Users/robertgrayson/.asdf/installs/nodejs/25.3.0/bin/node /Users/robertgrayson/code/soldat_remastered/soldat/arena-live/build.mjs
2026-06-13T13:36:30.134Z REBUILD FAILED (inputs changed): Command failed: /Users/robertgrayson/.asdf/installs/nodejs/25.3.0/bin/node /Users/robertgrayson/code/soldat_remastered/soldat/arena-live/build.mjs
2026-06-13T14:34:00.129Z REBUILD FAILED (inputs changed): Command failed: /Users/robertgrayson/.asdf/installs/nodejs/25.3.0/bin/node /Users/robertgrayson/code/soldat_remastered/soldat/arena-live/build.mjs
2026-06-13T15:08:28.790Z REBUILD FAILED (inputs changed): Command failed: /Users/robertgrayson/.asdf/installs/nodejs/25.3.0/bin/node /Users/robertgrayson/code/soldat_remastered/soldat/arena-live/build.mjs
2026-06-13T15:48:20.501Z REBUILD FAILED (inputs changed): Command failed: /Users/robertgrayson/.asdf/installs/nodejs/25.3.0/bin/node /Users/robertgrayson/code/soldat_remastered/soldat/arena-live/build.mjs
2026-06-13T16:15:23.913Z REBUILD FAILED (inputs changed): Command failed: /Users/robertgrayson/.asdf/installs/nodejs/25.3.0/bin/node /Users/robertgrayson/code/soldat_remastered/soldat/arena-live/build.mjs
2026-06-13T16:40:32.147Z REBUILD FAILED (inputs changed): Command failed: /Users/robertgrayson/.asdf/installs/nodejs/25.3.0/bin/node /Users/robertgrayson/code/soldat_remastered/soldat/arena-live/build.mjs
2026-06-13T16:40:32.148Z   builder stderr: [arena-live] WARN: unreadable JSON datasets/20260611-214811-kestrel-vs-plover/manifest.json: ENOENT: no such file or directory, open '/Users/robertgrayson/code/soldat_remastered/soldat/datasets/20260611-214811-kestrel-vs-plover/manifest.json.gz' | [arena-live] WARN: unreadable JSON datasets/20260611-214811-kestrel-vs-plover/summary.json: ENOENT: no such file or directory, open '/Users/robertgrayson/code/soldat_remastered/soldat/datasets/20260611-214811-kestrel-vs-plover/summary.json.gz' | [arena-live] WARN: dataset 20260611-214811-kestrel-vs-plover: missing/bad manifest.json — skipped
2026-06-13T17:07:10.064Z REBUILD FAILED (inputs changed): Command failed: /Users/robertgrayson/.asdf/installs/nodejs/25.3.0/bin/node /Users/robertgrayson/code/soldat_remastered/soldat/arena-live/build.mjs
2026-06-13T17:07:10.064Z   builder stderr: [arena-live] WARN: unreadable JSON datasets/20260611-214811-kestrel-vs-plover/manifest.json: ENOENT: no such file or directory, open '/Users/robertgrayson/code/soldat_remastered/soldat/datasets/20260611-214811-kestrel-vs-plover/manifest.json.gz' | [arena-live] WARN: unreadable JSON datasets/20260611-214811-kestrel-vs-plover/summary.json: ENOENT: no such file or directory, open '/Users/robertgrayson/code/soldat_remastered/soldat/datasets/20260611-214811-kestrel-vs-plover/summary.json.gz' | [arena-live] WARN: dataset 20260611-214811-kestrel-vs-plover: missing/bad manifest.json — skipped
2026-06-13T17:40:19.324Z REBUILD FAILED (inputs changed): Command failed: /Users/robertgrayson/.asdf/installs/nodejs/25.3.0/bin/node /Users/robertgrayson/code/soldat_remastered/soldat/arena-live/build.mjs
2026-06-13T17:40:19.324Z   builder stderr: [arena-live] WARN: unreadable JSON datasets/20260611-214811-kestrel-vs-plover/manifest.json: ENOENT: no such file or directory, open '/Users/robertgrayson/code/soldat_remastered/soldat/datasets/20260611-214811-kestrel-vs-plover/manifest.json.gz' | [arena-live] WARN: unreadable JSON datasets/20260611-214811-kestrel-vs-plover/summary.json: ENOENT: no such file or directory, open '/Users/robertgrayson/code/soldat_remastered/soldat/datasets/20260611-214811-kestrel-vs-plover/summary.json.gz' | [arena-live] WARN: dataset 20260611-214811-kestrel-vs-plover: missing/bad manifest.json — skipped
2026-06-13T18:06:01.243Z REBUILD FAILED (inputs changed): Command failed: /Users/robertgrayson/.asdf/installs/nodejs/25.3.0/bin/node /Users/robertgrayson/code/soldat_remastered/soldat/arena-live/build.mjs
2026-06-13T18:39:31.827Z REBUILD FAILED (inputs changed): Command failed: /Users/robertgrayson/.asdf/installs/nodejs/25.3.0/bin/node /Users/robertgrayson/code/soldat_remastered/soldat/arena-live/build.mjs
2026-06-13T19:04:00.264Z REBUILD FAILED (inputs changed): Command failed: /Users/robertgrayson/.asdf/installs/nodejs/25.3.0/bin/node /Users/robertgrayson/code/soldat_remastered/soldat/arena-live/build.mjs
2026-06-13T19:04:00.265Z   builder stderr: [arena-live] WARN: unreadable JSON datasets/20260611-214811-kestrel-vs-plover/manifest.json: ENOENT: no such file or directory, open '/Users/robertgrayson/code/soldat_remastered/soldat/datasets/20260611-214811-kestrel-vs-plover/manifest.json.gz' | [arena-live] WARN: unreadable JSON datasets/20260611-214811-kestrel-vs-plover/summary.json: ENOENT: no such file or directory, open '/Users/robertgrayson/code/soldat_remastered/soldat/datasets/20260611-214811-kestrel-vs-plover/summary.json.gz' | [arena-live] WARN: dataset 20260611-214811-kestrel-vs-plover: missing/bad manifest.json — skipped
2026-06-13T19:29:44.981Z REBUILD FAILED (inputs changed): Command failed: /Users/robertgrayson/.asdf/installs/nodejs/25.3.0/bin/node /Users/robertgrayson/code/soldat_remastered/soldat/arena-live/build.mjs
2026-06-13T19:29:44.982Z   builder stderr: [arena-live] WARN: unreadable JSON datasets/20260611-214811-kestrel-vs-plover/manifest.json: ENOENT: no such file or directory, open '/Users/robertgrayson/code/soldat_remastered/soldat/datasets/20260611-214811-kestrel-vs-plover/manifest.json.gz' | [arena-live] WARN: unreadable JSON datasets/20260611-214811-kestrel-vs-plover/summary.json: ENOENT: no such file or directory, open '/Users/robertgrayson/code/soldat_remastered/soldat/datasets/20260611-214811-kestrel-vs-plover/summary.json.gz' | [arena-live] WARN: dataset 20260611-214811-kestrel-vs-plover: missing/bad manifest.json — skipped
2026-06-13T19:53:33.770Z REBUILD FAILED (inputs changed): Command failed: /Users/robertgrayson/.asdf/installs/nodejs/25.3.0/bin/node /Users/robertgrayson/code/soldat_remastered/soldat/arena-live/build.mjs
2026-06-13T19:53:33.771Z   builder stderr: [arena-live] WARN: unreadable JSON datasets/20260611-214811-kestrel-vs-plover/manifest.json: ENOENT: no such file or directory, open '/Users/robertgrayson/code/soldat_remastered/soldat/datasets/20260611-214811-kestrel-vs-plover/manifest.json.gz' | [arena-live] WARN: unreadable JSON datasets/20260611-214811-kestrel-vs-plover/summary.json: ENOENT: no such file or directory, open '/Users/robertgrayson/code/soldat_remastered/soldat/datasets/20260611-214811-kestrel-vs-plover/summary.json.gz' | [arena-live] WARN: dataset 20260611-214811-kestrel-vs-plover: missing/bad manifest.json — skipped
2026-06-13T21:09:02.727Z REBUILD FAILED (inputs changed): Command failed: /Users/robertgrayson/.asdf/installs/nodejs/25.3.0/bin/node /Users/robertgrayson/code/soldat_remastered/soldat/arena-live/build.mjs
2026-06-13T21:50:35.512Z REBUILD FAILED (periodic): Command failed: /Users/robertgrayson/.asdf/installs/nodejs/25.3.0/bin/node /Users/robertgrayson/code/soldat_remastered/soldat/arena-live/build.mjs
2026-06-13T22:48:38.805Z REBUILD FAILED (inputs changed): Command failed: /Users/robertgrayson/.asdf/installs/nodejs/25.3.0/bin/node /Users/robertgrayson/code/soldat_remastered/soldat/arena-live/build.mjs
2026-06-13T23:24:41.964Z REBUILD FAILED (inputs changed): Command failed: /Users/robertgrayson/.asdf/installs/nodejs/25.3.0/bin/node /Users/robertgrayson/code/soldat_remastered/soldat/arena-live/build.mjs
2026-06-14T00:02:09.448Z REBUILD FAILED (inputs changed): Command failed: /Users/robertgrayson/.asdf/installs/nodejs/25.3.0/bin/node /Users/robertgrayson/code/soldat_remastered/soldat/arena-live/build.mjs
2026-06-14T04:52:01.325Z REBUILD FAILED (inputs changed): Command failed: /Users/robertgrayson/.asdf/installs/nodejs/25.3.0/bin/node /Users/robertgrayson/code/soldat_remastered/soldat/arena-live/build.mjs
