2026-06-10T05:39:01.184Z rebuilt (startup) in 395ms — 46 fights, 30 graph nodes, 0 warnings
2026-06-10T05:39:01.189Z Arena Live serving http://localhost:8901/  (pid 62695)
2026-06-10T05:39:21.563Z rebuilt (inputs changed) in 367ms — 46 fights, 30 graph nodes, 0 warnings
2026-06-10T05:39:26.552Z rebuilt (inputs changed) in 354ms — 46 fights, 30 graph nodes, 0 warnings
2026-06-10T05:39:31.567Z rebuilt (inputs changed) in 371ms — 46 fights, 30 graph nodes, 0 warnings
2026-06-10T05:39:36.553Z rebuilt (inputs changed) in 355ms — 46 fights, 30 graph nodes, 0 warnings
2026-06-10T05:39:46.574Z rebuilt (inputs changed) in 372ms — 46 fights, 30 graph nodes, 0 warnings
2026-06-10T05:40:51.593Z rebuilt (inputs changed) in 370ms — 46 fights, 30 graph nodes, 0 warnings
2026-06-10T05:41:06.616Z rebuilt (inputs changed) in 384ms — 46 fights, 30 graph nodes, 0 warnings
2026-06-10T05:41:11.604Z rebuilt (inputs changed) in 372ms — 46 fights, 30 graph nodes, 0 warnings
2026-06-10T05:41:21.622Z rebuilt (inputs changed) in 392ms — 46 fights, 30 graph nodes, 0 warnings
2026-06-10T05:41:31.610Z rebuilt (inputs changed) in 376ms — 46 fights, 30 graph nodes, 0 warnings
2026-06-10T05:42:06.599Z rebuilt (inputs changed) in 361ms — 46 fights, 30 graph nodes, 0 warnings
2026-06-10T05:42:16.603Z rebuilt (inputs changed) in 367ms — 47 fights, 30 graph nodes, 0 warnings
2026-06-10T05:42:21.597Z rebuilt (inputs changed) in 357ms — 48 fights, 30 graph nodes, 0 warnings
2026-06-10T05:42:51.643Z rebuilt (inputs changed) in 399ms — 48 fights, 30 graph nodes, 0 warnings
2026-06-10T05:43:01.632Z rebuilt (inputs changed) in 377ms — 48 fights, 30 graph nodes, 0 warnings
2026-06-10T05:43:11.655Z rebuilt (inputs changed) in 397ms — 48 fights, 30 graph nodes, 0 warnings
2026-06-10T05:43:21.621Z rebuilt (inputs changed) in 368ms — 48 fights, 30 graph nodes, 0 warnings
2026-06-10T05:43:36.632Z rebuilt (inputs changed) in 377ms — 49 fights, 30 graph nodes, 0 warnings
2026-06-10T05:44:41.664Z rebuilt (periodic) in 384ms — 49 fights, 30 graph nodes, 0 warnings
2026-06-10T05:44:46.661Z rebuilt (inputs changed) in 391ms — 49 fights, 30 graph nodes, 0 warnings
2026-06-10T05:44:57.146Z rebuilt (inputs changed) in 873ms — 50 fights, 30 graph nodes, 0 warnings
2026-06-10T05:45:16.789Z rebuilt (inputs changed) in 510ms — 50 fights, 30 graph nodes, 0 warnings
2026-06-10T05:45:21.665Z rebuilt (inputs changed) in 387ms — 51 fights, 30 graph nodes, 0 warnings
2026-06-10T05:45:26.661Z rebuilt (inputs changed) in 383ms — 53 fights, 30 graph nodes, 0 warnings
2026-06-10T05:45:31.703Z rebuilt (inputs changed) in 423ms — 54 fights, 30 graph nodes, 0 warnings
2026-06-10T05:45:36.705Z rebuilt (inputs changed) in 425ms — 55 fights, 30 graph nodes, 0 warnings
2026-06-10T05:45:41.699Z rebuilt (inputs changed) in 418ms — 57 fights, 30 graph nodes, 0 warnings
2026-06-10T05:45:46.706Z rebuilt (inputs changed) in 425ms — 58 fights, 30 graph nodes, 0 warnings
2026-06-10T05:45:51.715Z rebuilt (inputs changed) in 432ms — 60 fights, 30 graph nodes, 0 warnings
2026-06-10T05:46:06.723Z rebuilt (inputs changed) in 437ms — 61 fights, 30 graph nodes, 0 warnings
2026-06-10T05:46:11.718Z rebuilt (inputs changed) in 432ms — 62 fights, 30 graph nodes, 0 warnings
2026-06-10T05:46:16.738Z rebuilt (inputs changed) in 450ms — 64 fights, 30 graph nodes, 0 warnings
2026-06-10T05:46:21.732Z rebuilt (inputs changed) in 443ms — 65 fights, 30 graph nodes, 0 warnings
2026-06-10T05:46:26.738Z rebuilt (inputs changed) in 449ms — 66 fights, 30 graph nodes, 0 warnings
2026-06-10T05:46:31.771Z rebuilt (inputs changed) in 480ms — 68 fights, 30 graph nodes, 0 warnings
2026-06-10T05:46:36.782Z rebuilt (inputs changed) in 461ms — 69 fights, 30 graph nodes, 0 warnings
2026-06-10T05:46:51.947Z rebuilt (inputs changed) in 652ms — 70 fights, 30 graph nodes, 0 warnings
2026-06-10T05:46:56.750Z rebuilt (inputs changed) in 453ms — 71 fights, 30 graph nodes, 0 warnings
2026-06-10T05:47:01.764Z rebuilt (inputs changed) in 466ms — 73 fights, 30 graph nodes, 0 warnings
2026-06-10T05:47:16.782Z rebuilt (inputs changed) in 469ms — 73 fights, 30 graph nodes, 0 warnings
2026-06-10T05:47:26.773Z rebuilt (inputs changed) in 472ms — 73 fights, 30 graph nodes, 0 warnings
2026-06-10T05:47:56.782Z rebuilt (inputs changed) in 476ms — 74 fights, 30 graph nodes, 0 warnings
2026-06-10T05:48:11.800Z rebuilt (inputs changed) in 491ms — 74 fights, 30 graph nodes, 0 warnings
2026-06-10T05:48:16.783Z rebuilt (inputs changed) in 473ms — 74 fights, 30 graph nodes, 0 warnings
2026-06-10T05:48:26.788Z rebuilt (inputs changed) in 475ms — 74 fights, 30 graph nodes, 0 warnings
2026-06-10T05:48:36.815Z rebuilt (inputs changed) in 498ms — 74 fights, 30 graph nodes, 0 warnings
2026-06-10T05:48:51.995Z rebuilt (inputs changed) in 676ms — 74 fights, 30 graph nodes, 0 warnings
2026-06-10T05:48:56.810Z rebuilt (inputs changed) in 490ms — 74 fights, 30 graph nodes, 0 warnings
2026-06-10T05:50:02.027Z rebuilt (periodic) in 695ms — 74 fights, 30 graph nodes, 0 warnings
2026-06-10T05:50:17.014Z rebuilt (inputs changed) in 674ms — 74 fights, 30 graph nodes, 0 warnings
2026-06-10T05:50:37.022Z rebuilt (inputs changed) in 682ms — 74 fights, 30 graph nodes, 0 warnings
2026-06-10T05:50:52.001Z rebuilt (inputs changed) in 661ms — 74 fights, 30 graph nodes, 0 warnings
2026-06-10T05:51:01.856Z rebuilt (inputs changed) in 512ms — 74 fights, 30 graph nodes, 0 warnings
2026-06-10T05:51:22.013Z rebuilt (inputs changed) in 660ms — 74 fights, 30 graph nodes, 0 warnings
2026-06-10T05:52:12.059Z rebuilt (inputs changed) in 692ms — 74 fights, 30 graph nodes, 0 warnings
2026-06-10T05:52:27.074Z rebuilt (inputs changed) in 700ms — 74 fights, 30 graph nodes, 0 warnings
2026-06-10T05:52:42.110Z rebuilt (inputs changed) in 734ms — 74 fights, 30 graph nodes, 0 warnings
2026-06-10T05:52:57.052Z rebuilt (inputs changed) in 674ms — 74 fights, 30 graph nodes, 0 warnings
2026-06-10T05:53:01.871Z rebuilt (inputs changed) in 486ms — 74 fights, 30 graph nodes, 0 warnings
2026-06-10T05:53:06.855Z rebuilt (inputs changed) in 481ms — 74 fights, 30 graph nodes, 0 warnings
2026-06-10T05:53:11.960Z rebuilt (inputs changed) in 576ms — 74 fights, 30 graph nodes, 0 warnings
2026-06-10T05:53:27.050Z rebuilt (inputs changed) in 672ms — 74 fights, 30 graph nodes, 0 warnings
2026-06-10T05:53:42.032Z rebuilt (inputs changed) in 656ms — 74 fights, 30 graph nodes, 0 warnings
2026-06-10T05:53:57.028Z rebuilt (inputs changed) in 651ms — 74 fights, 30 graph nodes, 0 warnings
2026-06-10T05:54:01.848Z rebuilt (inputs changed) in 472ms — 74 fights, 30 graph nodes, 0 warnings
2026-06-10T05:54:12.108Z rebuilt (inputs changed) in 733ms — 74 fights, 30 graph nodes, 0 warnings
2026-06-10T05:54:32.052Z rebuilt (inputs changed) in 670ms — 74 fights, 30 graph nodes, 0 warnings
2026-06-10T05:54:42.015Z rebuilt (inputs changed) in 632ms — 75 fights, 30 graph nodes, 0 warnings
2026-06-10T05:54:57.043Z rebuilt (inputs changed) in 656ms — 75 fights, 30 graph nodes, 0 warnings
2026-06-10T05:55:01.874Z rebuilt (inputs changed) in 487ms — 75 fights, 30 graph nodes, 0 warnings
2026-06-10T05:55:16.859Z rebuilt (inputs changed) in 468ms — 75 fights, 30 graph nodes, 0 warnings
2026-06-10T05:55:21.876Z rebuilt (inputs changed) in 482ms — 75 fights, 30 graph nodes, 0 warnings
2026-06-10T05:55:31.882Z rebuilt (inputs changed) in 486ms — 75 fights, 30 graph nodes, 0 warnings
2026-06-10T05:55:46.884Z rebuilt (inputs changed) in 481ms — 75 fights, 30 graph nodes, 0 warnings
2026-06-10T05:55:51.896Z rebuilt (inputs changed) in 494ms — 75 fights, 30 graph nodes, 0 warnings
2026-06-10T05:55:56.873Z rebuilt (inputs changed) in 474ms — 75 fights, 30 graph nodes, 0 warnings
2026-06-10T05:56:01.878Z rebuilt (inputs changed) in 473ms — 75 fights, 30 graph nodes, 0 warnings
2026-06-10T05:56:11.878Z rebuilt (inputs changed) in 477ms — 75 fights, 30 graph nodes, 0 warnings
2026-06-10T05:56:16.878Z rebuilt (inputs changed) in 476ms — 75 fights, 30 graph nodes, 0 warnings
2026-06-10T05:56:26.934Z rebuilt (inputs changed) in 510ms — 75 fights, 30 graph nodes, 0 warnings
2026-06-10T05:56:31.883Z rebuilt (inputs changed) in 476ms — 75 fights, 30 graph nodes, 0 warnings
2026-06-10T05:56:36.887Z rebuilt (inputs changed) in 480ms — 75 fights, 30 graph nodes, 0 warnings
2026-06-10T05:56:41.873Z rebuilt (inputs changed) in 466ms — 75 fights, 30 graph nodes, 0 warnings
2026-06-10T05:56:46.887Z rebuilt (inputs changed) in 478ms — 75 fights, 30 graph nodes, 0 warnings
2026-06-10T05:56:56.894Z rebuilt (inputs changed) in 483ms — 75 fights, 30 graph nodes, 0 warnings
2026-06-10T05:57:01.890Z rebuilt (inputs changed) in 476ms — 75 fights, 30 graph nodes, 0 warnings
2026-06-10T05:57:06.904Z rebuilt (inputs changed) in 485ms — 75 fights, 30 graph nodes, 0 warnings
2026-06-10T05:57:16.892Z rebuilt (inputs changed) in 476ms — 75 fights, 30 graph nodes, 0 warnings
2026-06-10T05:57:21.900Z rebuilt (inputs changed) in 483ms — 76 fights, 30 graph nodes, 0 warnings
2026-06-10T05:57:31.943Z rebuilt (inputs changed) in 523ms — 76 fights, 30 graph nodes, 0 warnings
2026-06-10T05:57:46.915Z rebuilt (inputs changed) in 493ms — 76 fights, 30 graph nodes, 0 warnings
2026-06-10T05:58:01.907Z rebuilt (inputs changed) in 482ms — 76 fights, 30 graph nodes, 0 warnings
2026-06-10T05:58:06.907Z rebuilt (inputs changed) in 480ms — 76 fights, 30 graph nodes, 0 warnings
2026-06-10T05:58:11.903Z rebuilt (inputs changed) in 474ms — 76 fights, 30 graph nodes, 0 warnings
2026-06-10T05:58:16.899Z rebuilt (inputs changed) in 470ms — 76 fights, 30 graph nodes, 0 warnings
2026-06-10T05:58:21.914Z rebuilt (inputs changed) in 485ms — 76 fights, 30 graph nodes, 0 warnings
2026-06-10T05:58:26.941Z rebuilt (inputs changed) in 504ms — 76 fights, 30 graph nodes, 0 warnings
2026-06-10T05:58:36.913Z rebuilt (inputs changed) in 481ms — 76 fights, 30 graph nodes, 0 warnings
2026-06-10T05:58:46.919Z rebuilt (inputs changed) in 485ms — 76 fights, 30 graph nodes, 0 warnings
2026-06-10T05:58:51.924Z rebuilt (inputs changed) in 488ms — 76 fights, 30 graph nodes, 0 warnings
2026-06-10T05:59:06.911Z rebuilt (inputs changed) in 472ms — 76 fights, 30 graph nodes, 0 warnings
2026-06-10T05:59:21.918Z rebuilt (inputs changed) in 478ms — 76 fights, 30 graph nodes, 0 warnings
2026-06-10T05:59:36.949Z rebuilt (inputs changed) in 492ms — 76 fights, 30 graph nodes, 0 warnings
2026-06-10T05:59:51.956Z rebuilt (inputs changed) in 493ms — 76 fights, 30 graph nodes, 0 warnings
2026-06-10T06:00:06.957Z rebuilt (inputs changed) in 484ms — 76 fights, 30 graph nodes, 0 warnings
2026-06-10T06:00:22.206Z rebuilt (inputs changed) in 738ms — 76 fights, 30 graph nodes, 0 warnings
2026-06-10T06:00:36.957Z rebuilt (inputs changed) in 488ms — 76 fights, 30 graph nodes, 0 warnings
2026-06-10T06:00:52.171Z rebuilt (inputs changed) in 699ms — 76 fights, 30 graph nodes, 0 warnings
2026-06-10T06:01:06.986Z rebuilt (inputs changed) in 510ms — 76 fights, 30 graph nodes, 0 warnings
2026-06-10T06:01:21.960Z rebuilt (inputs changed) in 482ms — 76 fights, 30 graph nodes, 0 warnings
2026-06-10T06:01:26.955Z rebuilt (inputs changed) in 477ms — 76 fights, 30 graph nodes, 0 warnings
2026-06-10T06:01:41.951Z rebuilt (inputs changed) in 471ms — 76 fights, 30 graph nodes, 0 warnings
2026-06-10T06:01:56.959Z rebuilt (inputs changed) in 477ms — 76 fights, 30 graph nodes, 0 warnings
2026-06-10T06:02:11.977Z rebuilt (inputs changed) in 490ms — 76 fights, 30 graph nodes, 0 warnings
2026-06-10T06:02:16.967Z rebuilt (inputs changed) in 478ms — 76 fights, 30 graph nodes, 0 warnings
2026-06-10T06:02:21.980Z rebuilt (inputs changed) in 492ms — 76 fights, 30 graph nodes, 0 warnings
2026-06-10T06:02:26.974Z rebuilt (inputs changed) in 485ms — 76 fights, 30 graph nodes, 0 warnings
2026-06-10T06:02:41.965Z rebuilt (inputs changed) in 472ms — 76 fights, 30 graph nodes, 0 warnings
2026-06-10T06:02:52.036Z rebuilt (inputs changed) in 541ms — 77 fights, 30 graph nodes, 0 warnings
2026-06-10T06:02:56.983Z rebuilt (inputs changed) in 487ms — 77 fights, 30 graph nodes, 0 warnings
2026-06-10T06:03:01.985Z rebuilt (inputs changed) in 488ms — 77 fights, 30 graph nodes, 0 warnings
2026-06-10T06:03:12.014Z rebuilt (inputs changed) in 514ms — 77 fights, 30 graph nodes, 0 warnings
2026-06-10T06:03:27.015Z rebuilt (inputs changed) in 512ms — 77 fights, 30 graph nodes, 0 warnings
2026-06-10T06:03:42.181Z rebuilt (inputs changed) in 669ms — 77 fights, 30 graph nodes, 0 warnings
2026-06-10T06:03:57.240Z rebuilt (inputs changed) in 731ms — 77 fights, 30 graph nodes, 0 warnings
2026-06-10T06:04:02.016Z rebuilt (inputs changed) in 506ms — 78 fights, 30 graph nodes, 0 warnings
2026-06-10T06:04:12.159Z rebuilt (inputs changed) in 649ms — 78 fights, 30 graph nodes, 0 warnings
2026-06-10T06:04:17.056Z rebuilt (inputs changed) in 542ms — 80 fights, 30 graph nodes, 0 warnings
2026-06-10T06:04:32.415Z rebuilt (inputs changed) in 897ms — 80 fights, 30 graph nodes, 0 warnings
2026-06-10T06:04:37.056Z rebuilt (inputs changed) in 537ms — 81 fights, 30 graph nodes, 0 warnings
2026-06-10T06:04:47.388Z rebuilt (inputs changed) in 870ms — 81 fights, 30 graph nodes, 0 warnings
2026-06-10T06:04:52.126Z rebuilt (inputs changed) in 606ms — 82 fights, 30 graph nodes, 0 warnings
2026-06-10T06:04:57.049Z rebuilt (inputs changed) in 528ms — 83 fights, 30 graph nodes, 0 warnings
2026-06-10T06:05:02.075Z rebuilt (inputs changed) in 552ms — 83 fights, 30 graph nodes, 0 warnings
2026-06-10T06:05:12.123Z rebuilt (inputs changed) in 600ms — 84 fights, 30 graph nodes, 0 warnings
2026-06-10T06:05:17.081Z rebuilt (inputs changed) in 554ms — 85 fights, 30 graph nodes, 0 warnings
2026-06-10T06:05:32.289Z rebuilt (inputs changed) in 752ms — 85 fights, 30 graph nodes, 0 warnings
2026-06-10T06:05:47.267Z rebuilt (inputs changed) in 716ms — 85 fights, 30 graph nodes, 0 warnings
2026-06-10T06:05:52.081Z rebuilt (inputs changed) in 540ms — 85 fights, 30 graph nodes, 0 warnings
2026-06-10T06:06:02.073Z rebuilt (inputs changed) in 524ms — 85 fights, 30 graph nodes, 0 warnings
2026-06-10T06:06:07.072Z rebuilt (inputs changed) in 524ms — 85 fights, 30 graph nodes, 0 warnings
2026-06-10T06:06:12.067Z rebuilt (inputs changed) in 528ms — 85 fights, 30 graph nodes, 0 warnings
2026-06-10T06:06:17.060Z rebuilt (inputs changed) in 522ms — 85 fights, 30 graph nodes, 0 warnings
2026-06-10T06:06:22.164Z rebuilt (inputs changed) in 629ms — 85 fights, 30 graph nodes, 0 warnings
2026-06-10T06:06:27.063Z rebuilt (inputs changed) in 529ms — 87 fights, 30 graph nodes, 0 warnings
2026-06-10T06:06:32.088Z rebuilt (inputs changed) in 547ms — 88 fights, 30 graph nodes, 0 warnings
2026-06-10T06:06:47.107Z rebuilt (inputs changed) in 564ms — 88 fights, 30 graph nodes, 0 warnings
2026-06-10T06:06:52.061Z rebuilt (inputs changed) in 523ms — 89 fights, 30 graph nodes, 0 warnings
2026-06-10T06:06:57.109Z rebuilt (inputs changed) in 548ms — 90 fights, 30 graph nodes, 0 warnings
2026-06-10T06:07:02.089Z rebuilt (inputs changed) in 549ms — 90 fights, 30 graph nodes, 0 warnings
2026-06-10T06:07:07.099Z rebuilt (inputs changed) in 552ms — 90 fights, 30 graph nodes, 0 warnings
2026-06-10T06:07:17.302Z rebuilt (inputs changed) in 757ms — 90 fights, 30 graph nodes, 0 warnings
2026-06-10T06:07:22.102Z rebuilt (inputs changed) in 545ms — 90 fights, 30 graph nodes, 0 warnings
2026-06-10T06:07:32.305Z rebuilt (inputs changed) in 745ms — 90 fights, 30 graph nodes, 0 warnings
2026-06-10T06:07:37.092Z rebuilt (inputs changed) in 544ms — 90 fights, 30 graph nodes, 0 warnings
2026-06-10T06:07:47.218Z rebuilt (inputs changed) in 667ms — 90 fights, 30 graph nodes, 0 warnings
2026-06-10T06:07:52.086Z rebuilt (inputs changed) in 535ms — 90 fights, 30 graph nodes, 0 warnings
2026-06-10T06:07:57.116Z rebuilt (inputs changed) in 562ms — 90 fights, 30 graph nodes, 0 warnings
2026-06-10T06:08:02.093Z rebuilt (inputs changed) in 541ms — 92 fights, 30 graph nodes, 0 warnings
2026-06-10T06:08:07.129Z rebuilt (inputs changed) in 566ms — 92 fights, 30 graph nodes, 0 warnings
2026-06-10T06:08:22.125Z rebuilt (inputs changed) in 547ms — 92 fights, 30 graph nodes, 0 warnings
2026-06-10T06:08:27.121Z rebuilt (inputs changed) in 548ms — 92 fights, 30 graph nodes, 0 warnings
2026-06-10T06:08:37.124Z rebuilt (inputs changed) in 563ms — 92 fights, 30 graph nodes, 0 warnings
2026-06-10T06:08:42.114Z rebuilt (inputs changed) in 551ms — 92 fights, 30 graph nodes, 0 warnings
2026-06-10T06:08:47.113Z rebuilt (inputs changed) in 551ms — 92 fights, 30 graph nodes, 0 warnings
2026-06-10T06:08:52.100Z rebuilt (inputs changed) in 538ms — 92 fights, 30 graph nodes, 0 warnings
2026-06-10T06:08:57.132Z rebuilt (inputs changed) in 553ms — 92 fights, 30 graph nodes, 0 warnings
2026-06-10T06:09:02.118Z rebuilt (inputs changed) in 553ms — 92 fights, 30 graph nodes, 0 warnings
2026-06-10T06:09:07.172Z rebuilt (inputs changed) in 606ms — 93 fights, 30 graph nodes, 0 warnings
2026-06-10T06:09:12.139Z rebuilt (inputs changed) in 573ms — 94 fights, 30 graph nodes, 0 warnings
2026-06-10T06:09:17.152Z rebuilt (inputs changed) in 570ms — 95 fights, 30 graph nodes, 0 warnings
2026-06-10T06:09:22.150Z rebuilt (inputs changed) in 576ms — 95 fights, 30 graph nodes, 0 warnings
2026-06-10T06:09:32.208Z rebuilt (inputs changed) in 638ms — 95 fights, 30 graph nodes, 0 warnings
2026-06-10T06:09:37.133Z rebuilt (inputs changed) in 561ms — 95 fights, 30 graph nodes, 0 warnings
2026-06-10T06:09:42.130Z rebuilt (inputs changed) in 557ms — 96 fights, 30 graph nodes, 0 warnings
2026-06-10T06:09:47.159Z rebuilt (inputs changed) in 578ms — 97 fights, 30 graph nodes, 0 warnings
2026-06-10T06:09:57.163Z rebuilt (inputs changed) in 580ms — 97 fights, 30 graph nodes, 0 warnings
2026-06-10T06:10:02.139Z rebuilt (inputs changed) in 556ms — 98 fights, 30 graph nodes, 0 warnings
2026-06-10T06:10:17.161Z rebuilt (inputs changed) in 567ms — 98 fights, 30 graph nodes, 0 warnings
2026-06-10T06:10:37.155Z rebuilt (inputs changed) in 557ms — 98 fights, 30 graph nodes, 0 warnings
2026-06-10T06:10:42.203Z rebuilt (inputs changed) in 599ms — 98 fights, 30 graph nodes, 0 warnings
2026-06-10T06:10:47.189Z rebuilt (inputs changed) in 574ms — 98 fights, 30 graph nodes, 0 warnings
2026-06-10T06:10:57.185Z rebuilt (inputs changed) in 564ms — 98 fights, 30 graph nodes, 0 warnings
2026-06-10T06:11:12.185Z rebuilt (inputs changed) in 570ms — 98 fights, 30 graph nodes, 0 warnings
2026-06-10T06:11:17.246Z rebuilt (inputs changed) in 648ms — 98 fights, 30 graph nodes, 0 warnings
2026-06-10T06:11:32.166Z rebuilt (inputs changed) in 566ms — 99 fights, 30 graph nodes, 0 warnings
2026-06-10T06:11:37.200Z rebuilt (inputs changed) in 580ms — 100 fights, 30 graph nodes, 0 warnings
2026-06-10T06:12:02.200Z rebuilt (inputs changed) in 570ms — 100 fights, 30 graph nodes, 0 warnings
2026-06-10T06:12:12.183Z rebuilt (inputs changed) in 574ms — 101 fights, 30 graph nodes, 0 warnings
2026-06-10T06:12:17.182Z rebuilt (inputs changed) in 572ms — 102 fights, 30 graph nodes, 0 warnings
2026-06-10T06:12:22.197Z rebuilt (inputs changed) in 586ms — 103 fights, 30 graph nodes, 0 warnings
2026-06-10T06:12:27.215Z rebuilt (inputs changed) in 583ms — 105 fights, 30 graph nodes, 0 warnings
2026-06-10T06:12:42.232Z rebuilt (inputs changed) in 612ms — 105 fights, 30 graph nodes, 0 warnings
2026-06-10T06:12:47.244Z rebuilt (inputs changed) in 626ms — 105 fights, 30 graph nodes, 0 warnings
2026-06-10T06:12:52.251Z rebuilt (inputs changed) in 623ms — 107 fights, 30 graph nodes, 0 warnings
2026-06-10T06:13:02.248Z rebuilt (inputs changed) in 620ms — 107 fights, 30 graph nodes, 0 warnings
2026-06-10T06:13:07.234Z rebuilt (inputs changed) in 611ms — 107 fights, 30 graph nodes, 0 warnings
2026-06-10T06:13:12.240Z rebuilt (inputs changed) in 617ms — 108 fights, 30 graph nodes, 0 warnings
2026-06-10T06:13:17.348Z rebuilt (inputs changed) in 724ms — 110 fights, 30 graph nodes, 0 warnings
2026-06-10T06:13:22.250Z rebuilt (inputs changed) in 626ms — 111 fights, 30 graph nodes, 0 warnings
2026-06-10T06:13:27.249Z rebuilt (inputs changed) in 624ms — 112 fights, 30 graph nodes, 0 warnings
2026-06-10T06:13:32.266Z rebuilt (inputs changed) in 639ms — 113 fights, 30 graph nodes, 0 warnings
2026-06-10T06:13:37.366Z rebuilt (inputs changed) in 738ms — 115 fights, 30 graph nodes, 0 warnings
2026-06-10T06:13:42.319Z rebuilt (inputs changed) in 690ms — 115 fights, 30 graph nodes, 0 warnings
2026-06-10T06:13:57.301Z rebuilt (inputs changed) in 667ms — 115 fights, 30 graph nodes, 0 warnings
2026-06-10T06:14:02.276Z rebuilt (inputs changed) in 639ms — 115 fights, 30 graph nodes, 0 warnings
2026-06-10T06:14:12.284Z rebuilt (inputs changed) in 647ms — 115 fights, 30 graph nodes, 0 warnings
2026-06-10T06:14:22.292Z rebuilt (inputs changed) in 646ms — 115 fights, 30 graph nodes, 0 warnings
2026-06-10T06:14:42.308Z rebuilt (inputs changed) in 653ms — 115 fights, 30 graph nodes, 0 warnings
2026-06-10T06:15:02.292Z rebuilt (inputs changed) in 637ms — 115 fights, 30 graph nodes, 0 warnings
2026-06-10T06:15:22.304Z rebuilt (inputs changed) in 655ms — 115 fights, 30 graph nodes, 0 warnings
2026-06-10T06:15:47.389Z rebuilt (inputs changed) in 735ms — 115 fights, 30 graph nodes, 0 warnings
2026-06-10T06:16:07.323Z rebuilt (inputs changed) in 649ms — 115 fights, 30 graph nodes, 0 warnings
2026-06-10T06:16:27.674Z rebuilt (inputs changed) in 1011ms — 115 fights, 30 graph nodes, 0 warnings
2026-06-10T06:16:47.549Z rebuilt (inputs changed) in 877ms — 115 fights, 30 graph nodes, 0 warnings
2026-06-10T06:17:07.476Z rebuilt (inputs changed) in 797ms — 115 fights, 30 graph nodes, 0 warnings
2026-06-10T06:17:17.445Z rebuilt (inputs changed) in 749ms — 115 fights, 30 graph nodes, 0 warnings
2026-06-10T06:17:27.465Z rebuilt (inputs changed) in 779ms — 115 fights, 30 graph nodes, 0 warnings
2026-06-10T06:17:37.563Z rebuilt (inputs changed) in 878ms — 115 fights, 30 graph nodes, 0 warnings
2026-06-10T06:17:47.572Z rebuilt (inputs changed) in 866ms — 115 fights, 30 graph nodes, 0 warnings
2026-06-10T06:18:02.380Z rebuilt (inputs changed) in 671ms — 115 fights, 30 graph nodes, 0 warnings
2026-06-10T06:18:07.439Z rebuilt (inputs changed) in 747ms — 115 fights, 30 graph nodes, 0 warnings
2026-06-10T06:18:27.382Z rebuilt (inputs changed) in 668ms — 115 fights, 30 graph nodes, 0 warnings
2026-06-10T06:18:42.347Z rebuilt (inputs changed) in 622ms — 115 fights, 30 graph nodes, 0 warnings
2026-06-10T06:18:47.316Z rebuilt (inputs changed) in 618ms — 115 fights, 30 graph nodes, 0 warnings
2026-06-10T06:19:07.352Z rebuilt (inputs changed) in 649ms — 115 fights, 30 graph nodes, 0 warnings
2026-06-10T06:19:22.354Z rebuilt (inputs changed) in 635ms — 115 fights, 30 graph nodes, 0 warnings
2026-06-10T06:19:27.363Z rebuilt (inputs changed) in 638ms — 115 fights, 30 graph nodes, 0 warnings
2026-06-10T06:19:32.357Z rebuilt (inputs changed) in 627ms — 115 fights, 30 graph nodes, 0 warnings
2026-06-10T06:19:52.631Z rebuilt (inputs changed) in 915ms — 115 fights, 30 graph nodes, 0 warnings
2026-06-10T06:20:12.544Z rebuilt (inputs changed) in 815ms — 115 fights, 30 graph nodes, 0 warnings
2026-06-10T06:20:27.378Z rebuilt (inputs changed) in 626ms — 115 fights, 30 graph nodes, 0 warnings
2026-06-10T06:20:32.377Z rebuilt (inputs changed) in 626ms — 115 fights, 30 graph nodes, 0 warnings
2026-06-10T06:20:37.375Z rebuilt (inputs changed) in 649ms — 115 fights, 30 graph nodes, 0 warnings
2026-06-10T06:20:42.411Z rebuilt (inputs changed) in 657ms — 116 fights, 30 graph nodes, 0 warnings
2026-06-10T06:20:52.362Z rebuilt (inputs changed) in 633ms — 116 fights, 30 graph nodes, 0 warnings
2026-06-10T06:20:57.379Z rebuilt (inputs changed) in 630ms — 117 fights, 30 graph nodes, 0 warnings
2026-06-10T06:21:02.378Z rebuilt (inputs changed) in 623ms — 117 fights, 30 graph nodes, 0 warnings
2026-06-10T06:21:07.385Z rebuilt (inputs changed) in 627ms — 117 fights, 30 graph nodes, 0 warnings
2026-06-10T06:21:12.401Z rebuilt (inputs changed) in 641ms — 117 fights, 30 graph nodes, 0 warnings
2026-06-10T06:21:27.730Z rebuilt (inputs changed) in 980ms — 117 fights, 30 graph nodes, 0 warnings
2026-06-10T06:21:32.451Z rebuilt (inputs changed) in 696ms — 117 fights, 30 graph nodes, 0 warnings
2026-06-10T06:21:42.419Z rebuilt (inputs changed) in 678ms — 117 fights, 30 graph nodes, 0 warnings
2026-06-10T06:21:47.434Z rebuilt (inputs changed) in 674ms — 117 fights, 30 graph nodes, 0 warnings
2026-06-10T06:21:52.417Z rebuilt (inputs changed) in 657ms — 117 fights, 30 graph nodes, 0 warnings
2026-06-10T06:21:57.433Z rebuilt (inputs changed) in 665ms — 117 fights, 30 graph nodes, 0 warnings
2026-06-10T06:22:02.408Z rebuilt (inputs changed) in 654ms — 117 fights, 30 graph nodes, 0 warnings
2026-06-10T06:22:07.416Z rebuilt (inputs changed) in 658ms — 117 fights, 30 graph nodes, 0 warnings
2026-06-10T06:22:12.417Z rebuilt (inputs changed) in 656ms — 117 fights, 30 graph nodes, 0 warnings
2026-06-10T06:22:17.406Z rebuilt (inputs changed) in 658ms — 117 fights, 30 graph nodes, 0 warnings
2026-06-10T06:22:27.417Z rebuilt (inputs changed) in 643ms — 117 fights, 30 graph nodes, 0 warnings
2026-06-10T06:22:32.404Z rebuilt (inputs changed) in 651ms — 117 fights, 30 graph nodes, 0 warnings
2026-06-10T06:22:57.426Z rebuilt (inputs changed) in 651ms — 117 fights, 30 graph nodes, 0 warnings
2026-06-10T06:23:17.418Z rebuilt (inputs changed) in 637ms — 117 fights, 30 graph nodes, 0 warnings
2026-06-10T06:23:37.425Z rebuilt (inputs changed) in 648ms — 117 fights, 30 graph nodes, 0 warnings
2026-06-10T06:23:57.752Z rebuilt (inputs changed) in 971ms — 117 fights, 30 graph nodes, 0 warnings
2026-06-10T06:24:17.591Z rebuilt (inputs changed) in 815ms — 117 fights, 30 graph nodes, 0 warnings
2026-06-10T06:24:37.442Z rebuilt (inputs changed) in 637ms — 117 fights, 30 graph nodes, 0 warnings
2026-06-10T06:24:57.444Z rebuilt (inputs changed) in 635ms — 117 fights, 30 graph nodes, 0 warnings
2026-06-10T06:25:17.433Z rebuilt (inputs changed) in 624ms — 117 fights, 30 graph nodes, 0 warnings
2026-06-10T06:25:37.446Z rebuilt (inputs changed) in 634ms — 117 fights, 30 graph nodes, 0 warnings
2026-06-10T06:25:58.021Z rebuilt (inputs changed) in 1225ms — 117 fights, 30 graph nodes, 0 warnings
2026-06-10T06:26:17.456Z rebuilt (inputs changed) in 640ms — 118 fights, 30 graph nodes, 0 warnings
2026-06-10T06:26:27.454Z rebuilt (inputs changed) in 633ms — 119 fights, 30 graph nodes, 0 warnings
2026-06-10T06:26:37.435Z rebuilt (inputs changed) in 634ms — 119 fights, 30 graph nodes, 0 warnings
2026-06-10T06:27:02.468Z rebuilt (inputs changed) in 639ms — 119 fights, 30 graph nodes, 0 warnings
2026-06-10T06:27:12.468Z rebuilt (inputs changed) in 638ms — 120 fights, 30 graph nodes, 0 warnings
2026-06-10T06:27:22.461Z rebuilt (inputs changed) in 632ms — 120 fights, 30 graph nodes, 0 warnings
2026-06-10T06:27:42.462Z rebuilt (inputs changed) in 632ms — 120 fights, 30 graph nodes, 0 warnings
2026-06-10T06:28:02.487Z rebuilt (inputs changed) in 652ms — 120 fights, 30 graph nodes, 0 warnings
2026-06-10T06:28:22.444Z rebuilt (inputs changed) in 625ms — 120 fights, 30 graph nodes, 0 warnings
2026-06-10T06:28:42.470Z rebuilt (inputs changed) in 645ms — 120 fights, 30 graph nodes, 0 warnings
2026-06-10T06:29:02.486Z rebuilt (inputs changed) in 637ms — 120 fights, 30 graph nodes, 0 warnings
2026-06-10T06:29:22.490Z rebuilt (inputs changed) in 639ms — 120 fights, 30 graph nodes, 0 warnings
2026-06-10T06:29:42.497Z rebuilt (inputs changed) in 634ms — 120 fights, 30 graph nodes, 0 warnings
2026-06-10T06:30:02.494Z rebuilt (inputs changed) in 630ms — 120 fights, 30 graph nodes, 0 warnings
2026-06-10T06:30:22.502Z rebuilt (inputs changed) in 647ms — 120 fights, 30 graph nodes, 0 warnings
2026-06-10T06:30:42.524Z rebuilt (inputs changed) in 646ms — 120 fights, 30 graph nodes, 0 warnings
2026-06-10T06:30:52.529Z rebuilt (inputs changed) in 631ms — 120 fights, 30 graph nodes, 0 warnings
2026-06-10T06:30:57.522Z rebuilt (inputs changed) in 631ms — 120 fights, 30 graph nodes, 0 warnings
2026-06-10T06:31:02.518Z rebuilt (inputs changed) in 647ms — 120 fights, 30 graph nodes, 0 warnings
2026-06-10T06:31:07.534Z rebuilt (inputs changed) in 645ms — 120 fights, 30 graph nodes, 0 warnings
2026-06-10T06:31:17.539Z rebuilt (inputs changed) in 639ms — 120 fights, 30 graph nodes, 0 warnings
2026-06-10T06:31:22.530Z rebuilt (inputs changed) in 628ms — 120 fights, 30 graph nodes, 0 warnings
2026-06-10T06:31:27.538Z rebuilt (inputs changed) in 635ms — 120 fights, 30 graph nodes, 0 warnings
2026-06-10T06:31:47.539Z rebuilt (inputs changed) in 633ms — 120 fights, 30 graph nodes, 0 warnings
2026-06-10T06:32:07.528Z rebuilt (inputs changed) in 630ms — 120 fights, 30 graph nodes, 0 warnings
2026-06-10T06:32:27.557Z rebuilt (inputs changed) in 634ms — 120 fights, 30 graph nodes, 0 warnings
2026-06-10T06:32:32.553Z rebuilt (inputs changed) in 629ms — 120 fights, 30 graph nodes, 0 warnings
2026-06-10T06:32:47.561Z rebuilt (inputs changed) in 631ms — 120 fights, 30 graph nodes, 0 warnings
2026-06-10T06:33:02.562Z rebuilt (inputs changed) in 651ms — 120 fights, 30 graph nodes, 0 warnings
2026-06-10T06:33:07.569Z rebuilt (inputs changed) in 628ms — 121 fights, 30 graph nodes, 0 warnings
2026-06-10T06:33:27.583Z rebuilt (inputs changed) in 644ms — 121 fights, 30 graph nodes, 0 warnings
2026-06-10T06:33:47.575Z rebuilt (inputs changed) in 626ms — 121 fights, 30 graph nodes, 0 warnings
2026-06-10T06:34:07.587Z rebuilt (inputs changed) in 636ms — 121 fights, 30 graph nodes, 0 warnings
2026-06-10T06:34:27.909Z rebuilt (inputs changed) in 965ms — 121 fights, 30 graph nodes, 0 warnings
2026-06-10T06:34:47.580Z rebuilt (inputs changed) in 633ms — 121 fights, 30 graph nodes, 0 warnings
2026-06-10T06:35:12.902Z rebuilt (inputs changed) in 924ms — 121 fights, 30 graph nodes, 0 warnings
2026-06-10T06:35:32.620Z rebuilt (inputs changed) in 640ms — 121 fights, 30 graph nodes, 0 warnings
2026-06-10T06:35:52.612Z rebuilt (inputs changed) in 626ms — 121 fights, 30 graph nodes, 0 warnings
2026-06-10T06:36:12.625Z rebuilt (inputs changed) in 630ms — 121 fights, 30 graph nodes, 0 warnings
2026-06-10T06:36:32.645Z rebuilt (inputs changed) in 641ms — 121 fights, 30 graph nodes, 0 warnings
2026-06-10T06:36:52.711Z rebuilt (inputs changed) in 705ms — 121 fights, 30 graph nodes, 0 warnings
2026-06-10T06:37:12.658Z rebuilt (inputs changed) in 643ms — 121 fights, 30 graph nodes, 0 warnings
2026-06-10T06:37:32.647Z rebuilt (inputs changed) in 627ms — 121 fights, 30 graph nodes, 0 warnings
2026-06-10T06:37:52.667Z rebuilt (inputs changed) in 639ms — 121 fights, 30 graph nodes, 0 warnings
2026-06-10T06:38:12.679Z rebuilt (inputs changed) in 645ms — 121 fights, 30 graph nodes, 0 warnings
2026-06-10T06:38:32.638Z rebuilt (inputs changed) in 625ms — 121 fights, 30 graph nodes, 0 warnings
2026-06-10T06:38:57.678Z rebuilt (inputs changed) in 634ms — 121 fights, 30 graph nodes, 0 warnings
2026-06-10T06:39:12.682Z rebuilt (inputs changed) in 630ms — 121 fights, 30 graph nodes, 0 warnings
2026-06-10T06:39:17.692Z rebuilt (inputs changed) in 637ms — 121 fights, 30 graph nodes, 0 warnings
2026-06-10T06:39:27.690Z rebuilt (inputs changed) in 635ms — 121 fights, 30 graph nodes, 0 warnings
2026-06-10T06:39:32.682Z rebuilt (inputs changed) in 625ms — 121 fights, 30 graph nodes, 0 warnings
2026-06-10T06:39:37.691Z rebuilt (inputs changed) in 634ms — 121 fights, 30 graph nodes, 0 warnings
2026-06-10T06:39:57.711Z rebuilt (inputs changed) in 643ms — 121 fights, 30 graph nodes, 0 warnings
2026-06-10T06:40:17.708Z rebuilt (inputs changed) in 631ms — 121 fights, 30 graph nodes, 0 warnings
2026-06-10T06:40:37.703Z rebuilt (inputs changed) in 627ms — 121 fights, 30 graph nodes, 0 warnings
2026-06-10T06:40:57.736Z rebuilt (inputs changed) in 646ms — 121 fights, 30 graph nodes, 0 warnings
2026-06-10T06:41:17.744Z rebuilt (inputs changed) in 651ms — 121 fights, 30 graph nodes, 0 warnings
2026-06-10T06:41:22.725Z rebuilt (inputs changed) in 630ms — 121 fights, 30 graph nodes, 0 warnings
2026-06-10T06:41:37.737Z rebuilt (inputs changed) in 637ms — 121 fights, 30 graph nodes, 0 warnings
2026-06-10T06:41:47.749Z rebuilt (inputs changed) in 643ms — 121 fights, 30 graph nodes, 0 warnings
2026-06-10T06:41:57.738Z rebuilt (inputs changed) in 644ms — 121 fights, 30 graph nodes, 0 warnings
2026-06-10T06:42:07.717Z rebuilt (inputs changed) in 630ms — 121 fights, 30 graph nodes, 0 warnings
2026-06-10T06:42:17.736Z rebuilt (inputs changed) in 645ms — 121 fights, 30 graph nodes, 0 warnings
2026-06-10T06:42:32.755Z rebuilt (inputs changed) in 636ms — 121 fights, 30 graph nodes, 0 warnings
2026-06-10T06:42:42.754Z rebuilt (inputs changed) in 647ms — 121 fights, 30 graph nodes, 0 warnings
2026-06-10T06:42:47.750Z rebuilt (inputs changed) in 629ms — 121 fights, 30 graph nodes, 0 warnings
2026-06-10T06:43:02.773Z rebuilt (inputs changed) in 639ms — 121 fights, 30 graph nodes, 0 warnings
2026-06-10T06:43:22.782Z rebuilt (inputs changed) in 645ms — 121 fights, 30 graph nodes, 0 warnings
2026-06-10T06:43:42.784Z rebuilt (inputs changed) in 634ms — 121 fights, 30 graph nodes, 0 warnings
2026-06-10T06:44:02.790Z rebuilt (inputs changed) in 636ms — 121 fights, 30 graph nodes, 0 warnings
2026-06-10T06:44:22.787Z rebuilt (inputs changed) in 629ms — 121 fights, 30 graph nodes, 0 warnings
2026-06-10T06:44:42.796Z rebuilt (inputs changed) in 636ms — 121 fights, 30 graph nodes, 0 warnings
2026-06-10T06:45:02.798Z rebuilt (inputs changed) in 637ms — 121 fights, 30 graph nodes, 0 warnings
2026-06-10T06:45:22.803Z rebuilt (inputs changed) in 628ms — 121 fights, 30 graph nodes, 0 warnings
2026-06-10T06:45:42.812Z rebuilt (inputs changed) in 630ms — 121 fights, 30 graph nodes, 0 warnings
2026-06-10T06:46:02.791Z rebuilt (inputs changed) in 627ms — 121 fights, 30 graph nodes, 0 warnings
2026-06-10T06:46:27.838Z rebuilt (inputs changed) in 642ms — 121 fights, 30 graph nodes, 0 warnings
2026-06-10T06:46:47.831Z rebuilt (inputs changed) in 628ms — 121 fights, 30 graph nodes, 0 warnings
2026-06-10T06:47:07.847Z rebuilt (inputs changed) in 639ms — 121 fights, 30 graph nodes, 0 warnings
2026-06-10T06:47:27.858Z rebuilt (inputs changed) in 638ms — 121 fights, 30 graph nodes, 0 warnings
2026-06-10T06:47:47.855Z rebuilt (inputs changed) in 633ms — 121 fights, 30 graph nodes, 0 warnings
2026-06-10T06:48:07.856Z rebuilt (inputs changed) in 630ms — 121 fights, 30 graph nodes, 0 warnings
2026-06-10T06:48:27.866Z rebuilt (inputs changed) in 635ms — 121 fights, 30 graph nodes, 0 warnings
2026-06-10T06:48:47.866Z rebuilt (inputs changed) in 629ms — 121 fights, 30 graph nodes, 0 warnings
2026-06-10T06:49:07.878Z rebuilt (inputs changed) in 635ms — 121 fights, 30 graph nodes, 0 warnings
2026-06-10T06:49:27.884Z rebuilt (inputs changed) in 634ms — 121 fights, 30 graph nodes, 0 warnings
2026-06-10T06:49:47.858Z rebuilt (inputs changed) in 625ms — 121 fights, 30 graph nodes, 0 warnings
2026-06-10T06:50:12.890Z rebuilt (inputs changed) in 631ms — 121 fights, 30 graph nodes, 0 warnings
2026-06-10T06:50:32.902Z rebuilt (inputs changed) in 638ms — 121 fights, 30 graph nodes, 0 warnings
2026-06-10T06:50:52.905Z rebuilt (inputs changed) in 627ms — 121 fights, 30 graph nodes, 0 warnings
2026-06-10T06:51:12.915Z rebuilt (inputs changed) in 630ms — 121 fights, 30 graph nodes, 0 warnings
2026-06-10T06:51:32.931Z rebuilt (inputs changed) in 636ms — 121 fights, 30 graph nodes, 0 warnings
2026-06-10T06:51:52.934Z rebuilt (inputs changed) in 634ms — 121 fights, 30 graph nodes, 0 warnings
2026-06-10T06:52:12.931Z rebuilt (inputs changed) in 626ms — 121 fights, 30 graph nodes, 0 warnings
2026-06-10T06:52:32.945Z rebuilt (inputs changed) in 631ms — 121 fights, 30 graph nodes, 0 warnings
2026-06-10T06:52:52.945Z rebuilt (inputs changed) in 628ms — 121 fights, 30 graph nodes, 0 warnings
2026-06-10T06:53:12.959Z rebuilt (inputs changed) in 632ms — 121 fights, 30 graph nodes, 0 warnings
2026-06-10T06:53:32.944Z rebuilt (inputs changed) in 632ms — 121 fights, 30 graph nodes, 0 warnings
2026-06-10T06:53:57.983Z rebuilt (inputs changed) in 637ms — 121 fights, 30 graph nodes, 0 warnings
2026-06-10T06:54:17.981Z rebuilt (inputs changed) in 626ms — 121 fights, 30 graph nodes, 0 warnings
2026-06-10T06:54:37.994Z rebuilt (inputs changed) in 630ms — 121 fights, 30 graph nodes, 0 warnings
2026-06-10T06:54:58.009Z rebuilt (inputs changed) in 644ms — 121 fights, 30 graph nodes, 0 warnings
2026-06-10T06:55:18.006Z rebuilt (inputs changed) in 633ms — 121 fights, 30 graph nodes, 0 warnings
2026-06-10T06:55:38.012Z rebuilt (inputs changed) in 629ms — 121 fights, 30 graph nodes, 0 warnings
2026-06-10T06:55:58.031Z rebuilt (inputs changed) in 638ms — 121 fights, 30 graph nodes, 0 warnings
2026-06-10T06:56:18.025Z rebuilt (inputs changed) in 632ms — 121 fights, 30 graph nodes, 0 warnings
2026-06-10T06:56:38.030Z rebuilt (inputs changed) in 628ms — 121 fights, 30 graph nodes, 0 warnings
2026-06-10T06:56:58.047Z rebuilt (inputs changed) in 636ms — 121 fights, 30 graph nodes, 0 warnings
2026-06-10T06:57:18.033Z rebuilt (inputs changed) in 640ms — 121 fights, 30 graph nodes, 0 warnings
2026-06-10T06:57:43.050Z rebuilt (inputs changed) in 625ms — 121 fights, 30 graph nodes, 0 warnings
2026-06-10T06:58:03.079Z rebuilt (inputs changed) in 642ms — 121 fights, 30 graph nodes, 0 warnings
2026-06-10T06:58:23.078Z rebuilt (inputs changed) in 632ms — 121 fights, 30 graph nodes, 0 warnings
2026-06-10T06:58:43.070Z rebuilt (inputs changed) in 626ms — 121 fights, 30 graph nodes, 0 warnings
2026-06-10T06:59:03.087Z rebuilt (inputs changed) in 637ms — 121 fights, 30 graph nodes, 0 warnings
2026-06-10T06:59:23.097Z rebuilt (inputs changed) in 637ms — 121 fights, 30 graph nodes, 0 warnings
2026-06-10T06:59:43.092Z rebuilt (inputs changed) in 630ms — 121 fights, 30 graph nodes, 0 warnings
2026-06-10T07:00:03.110Z rebuilt (inputs changed) in 638ms — 121 fights, 30 graph nodes, 0 warnings
2026-06-10T07:00:23.106Z rebuilt (inputs changed) in 632ms — 121 fights, 30 graph nodes, 0 warnings
2026-06-10T07:00:43.107Z rebuilt (inputs changed) in 624ms — 121 fights, 30 graph nodes, 0 warnings
2026-06-10T07:01:03.100Z rebuilt (inputs changed) in 632ms — 121 fights, 30 graph nodes, 0 warnings
2026-06-10T07:01:28.140Z rebuilt (inputs changed) in 641ms — 121 fights, 30 graph nodes, 0 warnings
2026-06-10T07:01:48.141Z rebuilt (inputs changed) in 631ms — 121 fights, 30 graph nodes, 0 warnings
2026-06-10T07:02:08.155Z rebuilt (inputs changed) in 639ms — 121 fights, 30 graph nodes, 0 warnings
2026-06-10T07:02:28.151Z rebuilt (inputs changed) in 628ms — 121 fights, 30 graph nodes, 0 warnings
2026-06-10T07:02:48.154Z rebuilt (inputs changed) in 625ms — 121 fights, 30 graph nodes, 0 warnings
2026-06-10T07:03:08.179Z rebuilt (inputs changed) in 639ms — 121 fights, 30 graph nodes, 0 warnings
2026-06-10T07:03:28.180Z rebuilt (inputs changed) in 640ms — 121 fights, 30 graph nodes, 0 warnings
2026-06-10T07:03:48.183Z rebuilt (inputs changed) in 635ms — 121 fights, 30 graph nodes, 0 warnings
2026-06-10T07:04:08.190Z rebuilt (inputs changed) in 637ms — 121 fights, 30 graph nodes, 0 warnings
2026-06-10T07:04:28.197Z rebuilt (inputs changed) in 636ms — 121 fights, 30 graph nodes, 0 warnings
2026-06-10T07:04:48.184Z rebuilt (inputs changed) in 637ms — 121 fights, 30 graph nodes, 0 warnings
2026-06-10T07:05:13.208Z rebuilt (inputs changed) in 626ms — 121 fights, 30 graph nodes, 0 warnings
2026-06-10T07:05:33.222Z rebuilt (inputs changed) in 634ms — 121 fights, 30 graph nodes, 0 warnings
2026-06-10T07:05:53.218Z rebuilt (inputs changed) in 632ms — 121 fights, 30 graph nodes, 0 warnings
2026-06-10T07:06:13.226Z rebuilt (inputs changed) in 629ms — 121 fights, 30 graph nodes, 0 warnings
2026-06-10T07:06:33.242Z rebuilt (inputs changed) in 639ms — 121 fights, 30 graph nodes, 0 warnings
2026-06-10T07:06:53.252Z rebuilt (inputs changed) in 638ms — 121 fights, 30 graph nodes, 0 warnings
2026-06-10T07:07:13.258Z rebuilt (inputs changed) in 638ms — 121 fights, 30 graph nodes, 0 warnings
2026-06-10T07:07:33.264Z rebuilt (inputs changed) in 635ms — 121 fights, 30 graph nodes, 0 warnings
2026-06-10T07:07:53.265Z rebuilt (inputs changed) in 629ms — 121 fights, 30 graph nodes, 0 warnings
2026-06-10T07:08:13.293Z rebuilt (inputs changed) in 643ms — 121 fights, 30 graph nodes, 0 warnings
2026-06-10T07:08:33.257Z rebuilt (inputs changed) in 632ms — 121 fights, 30 graph nodes, 0 warnings
2026-06-10T07:08:58.283Z rebuilt (inputs changed) in 628ms — 121 fights, 30 graph nodes, 0 warnings
2026-06-10T07:09:18.300Z rebuilt (inputs changed) in 631ms — 121 fights, 30 graph nodes, 0 warnings
2026-06-10T07:09:38.309Z rebuilt (inputs changed) in 644ms — 121 fights, 30 graph nodes, 0 warnings
2026-06-10T07:09:58.301Z rebuilt (inputs changed) in 627ms — 121 fights, 30 graph nodes, 0 warnings
2026-06-10T07:10:18.305Z rebuilt (inputs changed) in 622ms — 121 fights, 30 graph nodes, 0 warnings
2026-06-10T07:10:38.320Z rebuilt (inputs changed) in 629ms — 121 fights, 30 graph nodes, 0 warnings
2026-06-10T07:10:58.338Z rebuilt (inputs changed) in 640ms — 121 fights, 30 graph nodes, 0 warnings
2026-06-10T07:11:18.336Z rebuilt (inputs changed) in 634ms — 121 fights, 30 graph nodes, 0 warnings
2026-06-10T07:11:38.342Z rebuilt (inputs changed) in 635ms — 121 fights, 30 graph nodes, 0 warnings
2026-06-10T07:11:58.351Z rebuilt (inputs changed) in 642ms — 121 fights, 30 graph nodes, 0 warnings
2026-06-10T07:12:18.331Z rebuilt (inputs changed) in 631ms — 121 fights, 30 graph nodes, 0 warnings
2026-06-10T07:12:43.362Z rebuilt (inputs changed) in 630ms — 121 fights, 30 graph nodes, 0 warnings
2026-06-10T07:13:03.372Z rebuilt (inputs changed) in 637ms — 121 fights, 30 graph nodes, 0 warnings
2026-06-10T07:13:23.373Z rebuilt (inputs changed) in 628ms — 121 fights, 30 graph nodes, 0 warnings
2026-06-10T07:13:43.384Z rebuilt (inputs changed) in 632ms — 121 fights, 30 graph nodes, 0 warnings
2026-06-10T07:14:03.401Z rebuilt (inputs changed) in 639ms — 121 fights, 30 graph nodes, 0 warnings
2026-06-10T07:14:23.397Z rebuilt (inputs changed) in 631ms — 121 fights, 30 graph nodes, 0 warnings
2026-06-10T07:14:43.409Z rebuilt (inputs changed) in 631ms — 121 fights, 30 graph nodes, 0 warnings
2026-06-10T07:15:03.421Z rebuilt (inputs changed) in 636ms — 121 fights, 30 graph nodes, 0 warnings
2026-06-10T07:15:23.428Z rebuilt (inputs changed) in 639ms — 121 fights, 30 graph nodes, 0 warnings
2026-06-10T07:15:43.420Z rebuilt (inputs changed) in 628ms — 121 fights, 30 graph nodes, 0 warnings
2026-06-10T07:16:03.414Z rebuilt (inputs changed) in 634ms — 121 fights, 30 graph nodes, 0 warnings
2026-06-10T07:16:28.438Z rebuilt (inputs changed) in 632ms — 121 fights, 30 graph nodes, 0 warnings
2026-06-10T07:16:48.445Z rebuilt (inputs changed) in 623ms — 121 fights, 30 graph nodes, 0 warnings
2026-06-10T07:17:08.458Z rebuilt (inputs changed) in 636ms — 121 fights, 30 graph nodes, 0 warnings
2026-06-10T07:17:28.475Z rebuilt (inputs changed) in 638ms — 121 fights, 30 graph nodes, 0 warnings
2026-06-10T07:17:48.467Z rebuilt (inputs changed) in 628ms — 121 fights, 30 graph nodes, 0 warnings
2026-06-10T07:18:08.474Z rebuilt (inputs changed) in 632ms — 121 fights, 30 graph nodes, 0 warnings
2026-06-10T07:18:28.483Z rebuilt (inputs changed) in 636ms — 121 fights, 30 graph nodes, 0 warnings
2026-06-10T07:18:48.485Z rebuilt (inputs changed) in 630ms — 121 fights, 30 graph nodes, 0 warnings
2026-06-10T07:19:08.507Z rebuilt (inputs changed) in 646ms — 121 fights, 30 graph nodes, 0 warnings
2026-06-10T07:19:28.498Z rebuilt (inputs changed) in 638ms — 121 fights, 30 graph nodes, 0 warnings
2026-06-10T07:19:48.468Z rebuilt (inputs changed) in 619ms — 121 fights, 30 graph nodes, 0 warnings
2026-06-10T07:20:13.513Z rebuilt (inputs changed) in 632ms — 121 fights, 30 graph nodes, 0 warnings
2026-06-10T07:20:33.522Z rebuilt (inputs changed) in 633ms — 121 fights, 30 graph nodes, 0 warnings
2026-06-10T07:20:53.519Z rebuilt (inputs changed) in 624ms — 121 fights, 30 graph nodes, 0 warnings
2026-06-10T07:21:13.541Z rebuilt (inputs changed) in 643ms — 121 fights, 30 graph nodes, 0 warnings
2026-06-10T07:21:33.548Z rebuilt (inputs changed) in 642ms — 121 fights, 30 graph nodes, 0 warnings
2026-06-10T07:21:53.558Z rebuilt (inputs changed) in 639ms — 121 fights, 30 graph nodes, 0 warnings
2026-06-10T07:22:13.556Z rebuilt (inputs changed) in 629ms — 121 fights, 30 graph nodes, 0 warnings
2026-06-10T07:22:33.572Z rebuilt (inputs changed) in 640ms — 121 fights, 30 graph nodes, 0 warnings
2026-06-10T07:22:53.567Z rebuilt (inputs changed) in 629ms — 121 fights, 30 graph nodes, 0 warnings
2026-06-10T07:23:13.572Z rebuilt (inputs changed) in 629ms — 121 fights, 30 graph nodes, 0 warnings
2026-06-10T07:23:33.563Z rebuilt (inputs changed) in 633ms — 121 fights, 30 graph nodes, 0 warnings
2026-06-10T07:23:58.583Z rebuilt (inputs changed) in 625ms — 121 fights, 30 graph nodes, 0 warnings
2026-06-10T07:24:18.600Z rebuilt (inputs changed) in 636ms — 121 fights, 30 graph nodes, 0 warnings
2026-06-10T07:24:38.610Z rebuilt (inputs changed) in 634ms — 121 fights, 30 graph nodes, 0 warnings
2026-06-10T07:24:58.607Z rebuilt (inputs changed) in 632ms — 121 fights, 30 graph nodes, 0 warnings
2026-06-10T07:25:18.618Z rebuilt (inputs changed) in 632ms — 121 fights, 30 graph nodes, 0 warnings
2026-06-10T07:25:38.632Z rebuilt (inputs changed) in 640ms — 121 fights, 30 graph nodes, 0 warnings
2026-06-10T07:25:58.631Z rebuilt (inputs changed) in 631ms — 121 fights, 30 graph nodes, 0 warnings
2026-06-10T07:26:18.636Z rebuilt (inputs changed) in 625ms — 121 fights, 30 graph nodes, 0 warnings
2026-06-10T07:26:38.639Z rebuilt (inputs changed) in 628ms — 121 fights, 30 graph nodes, 0 warnings
2026-06-10T07:26:58.656Z rebuilt (inputs changed) in 642ms — 121 fights, 30 graph nodes, 0 warnings
2026-06-10T07:27:18.634Z rebuilt (inputs changed) in 636ms — 121 fights, 30 graph nodes, 0 warnings
2026-06-10T07:27:43.659Z rebuilt (inputs changed) in 631ms — 121 fights, 30 graph nodes, 0 warnings
2026-06-10T07:28:03.667Z rebuilt (inputs changed) in 635ms — 121 fights, 30 graph nodes, 0 warnings
2026-06-10T07:28:23.671Z rebuilt (inputs changed) in 633ms — 121 fights, 30 graph nodes, 0 warnings
2026-06-10T07:28:43.674Z rebuilt (inputs changed) in 629ms — 121 fights, 30 graph nodes, 0 warnings
2026-06-10T07:29:03.701Z rebuilt (inputs changed) in 642ms — 121 fights, 30 graph nodes, 0 warnings
2026-06-10T07:29:23.689Z rebuilt (inputs changed) in 629ms — 121 fights, 30 graph nodes, 0 warnings
2026-06-10T07:29:43.697Z rebuilt (inputs changed) in 630ms — 121 fights, 30 graph nodes, 0 warnings
2026-06-10T07:30:03.709Z rebuilt (inputs changed) in 640ms — 121 fights, 30 graph nodes, 0 warnings
2026-06-10T07:30:23.707Z rebuilt (inputs changed) in 631ms — 121 fights, 30 graph nodes, 0 warnings
2026-06-10T07:30:43.718Z rebuilt (inputs changed) in 633ms — 121 fights, 30 graph nodes, 0 warnings
2026-06-10T07:31:03.707Z rebuilt (inputs changed) in 642ms — 121 fights, 30 graph nodes, 0 warnings
2026-06-10T07:31:28.727Z rebuilt (inputs changed) in 631ms — 121 fights, 30 graph nodes, 0 warnings
2026-06-10T07:31:48.740Z rebuilt (inputs changed) in 630ms — 121 fights, 30 graph nodes, 0 warnings
2026-06-10T07:32:08.758Z rebuilt (inputs changed) in 637ms — 121 fights, 30 graph nodes, 0 warnings
2026-06-10T07:32:28.748Z rebuilt (inputs changed) in 625ms — 121 fights, 30 graph nodes, 0 warnings
2026-06-10T07:32:48.751Z rebuilt (inputs changed) in 625ms — 121 fights, 30 graph nodes, 0 warnings
2026-06-10T07:33:08.774Z rebuilt (inputs changed) in 638ms — 121 fights, 30 graph nodes, 0 warnings
2026-06-10T07:33:28.768Z rebuilt (inputs changed) in 629ms — 121 fights, 30 graph nodes, 0 warnings
2026-06-10T07:33:48.776Z rebuilt (inputs changed) in 628ms — 121 fights, 30 graph nodes, 0 warnings
2026-06-10T07:34:08.773Z rebuilt (inputs changed) in 621ms — 121 fights, 30 graph nodes, 0 warnings
2026-06-10T07:34:28.802Z rebuilt (inputs changed) in 637ms — 121 fights, 30 graph nodes, 0 warnings
2026-06-10T07:34:48.773Z rebuilt (inputs changed) in 630ms — 121 fights, 30 graph nodes, 0 warnings
2026-06-10T07:35:13.815Z rebuilt (inputs changed) in 640ms — 121 fights, 30 graph nodes, 0 warnings
2026-06-10T07:35:33.813Z rebuilt (inputs changed) in 628ms — 121 fights, 30 graph nodes, 0 warnings
2026-06-10T07:35:53.827Z rebuilt (inputs changed) in 631ms — 121 fights, 30 graph nodes, 0 warnings
2026-06-10T07:36:13.840Z rebuilt (inputs changed) in 637ms — 121 fights, 30 graph nodes, 0 warnings
2026-06-10T07:36:33.846Z rebuilt (inputs changed) in 643ms — 121 fights, 30 graph nodes, 0 warnings
2026-06-10T07:36:53.842Z rebuilt (inputs changed) in 627ms — 121 fights, 30 graph nodes, 0 warnings
2026-06-10T07:37:13.856Z rebuilt (inputs changed) in 636ms — 121 fights, 30 graph nodes, 0 warnings
2026-06-10T07:37:33.864Z rebuilt (inputs changed) in 638ms — 121 fights, 30 graph nodes, 0 warnings
2026-06-10T07:37:53.865Z rebuilt (inputs changed) in 630ms — 121 fights, 30 graph nodes, 0 warnings
2026-06-10T07:38:13.872Z rebuilt (inputs changed) in 634ms — 121 fights, 30 graph nodes, 0 warnings
2026-06-10T07:38:33.856Z rebuilt (inputs changed) in 635ms — 121 fights, 30 graph nodes, 0 warnings
2026-06-10T07:38:58.884Z rebuilt (inputs changed) in 628ms — 121 fights, 30 graph nodes, 0 warnings
2026-06-10T07:39:08.891Z rebuilt (inputs changed) in 633ms — 121 fights, 30 graph nodes, 0 warnings
2026-06-10T07:39:18.885Z rebuilt (inputs changed) in 626ms — 121 fights, 30 graph nodes, 0 warnings
2026-06-10T07:39:38.906Z rebuilt (inputs changed) in 643ms — 121 fights, 30 graph nodes, 0 warnings
2026-06-10T07:39:58.903Z rebuilt (inputs changed) in 632ms — 121 fights, 30 graph nodes, 0 warnings
2026-06-10T07:40:18.904Z rebuilt (inputs changed) in 625ms — 121 fights, 30 graph nodes, 0 warnings
2026-06-10T07:40:38.914Z rebuilt (inputs changed) in 635ms — 121 fights, 30 graph nodes, 0 warnings
2026-06-10T07:40:58.921Z rebuilt (inputs changed) in 629ms — 121 fights, 30 graph nodes, 0 warnings
2026-06-10T07:41:18.931Z rebuilt (inputs changed) in 631ms — 121 fights, 30 graph nodes, 0 warnings
2026-06-10T07:41:38.939Z rebuilt (inputs changed) in 633ms — 121 fights, 30 graph nodes, 0 warnings
2026-06-10T07:41:58.937Z rebuilt (inputs changed) in 629ms — 121 fights, 30 graph nodes, 0 warnings
2026-06-10T07:42:18.920Z rebuilt (inputs changed) in 630ms — 121 fights, 30 graph nodes, 0 warnings
2026-06-10T07:42:43.957Z rebuilt (inputs changed) in 636ms — 121 fights, 30 graph nodes, 0 warnings
2026-06-10T07:43:03.957Z rebuilt (inputs changed) in 628ms — 121 fights, 30 graph nodes, 0 warnings
2026-06-10T07:43:23.967Z rebuilt (inputs changed) in 628ms — 121 fights, 30 graph nodes, 0 warnings
2026-06-10T07:43:43.970Z rebuilt (inputs changed) in 628ms — 121 fights, 30 graph nodes, 0 warnings
2026-06-10T07:44:03.994Z rebuilt (inputs changed) in 642ms — 121 fights, 30 graph nodes, 0 warnings
2026-06-10T07:44:23.988Z rebuilt (inputs changed) in 628ms — 121 fights, 30 graph nodes, 0 warnings
2026-06-10T07:44:44.002Z rebuilt (inputs changed) in 635ms — 121 fights, 30 graph nodes, 0 warnings
2026-06-10T07:45:04.008Z rebuilt (inputs changed) in 638ms — 121 fights, 30 graph nodes, 0 warnings
2026-06-10T07:45:24.016Z rebuilt (inputs changed) in 636ms — 121 fights, 30 graph nodes, 0 warnings
2026-06-10T07:45:44.014Z rebuilt (inputs changed) in 631ms — 121 fights, 30 graph nodes, 0 warnings
2026-06-10T07:46:04.007Z rebuilt (inputs changed) in 638ms — 121 fights, 30 graph nodes, 0 warnings
2026-06-10T07:46:29.035Z rebuilt (inputs changed) in 635ms — 121 fights, 30 graph nodes, 0 warnings
2026-06-10T07:46:49.039Z rebuilt (inputs changed) in 628ms — 121 fights, 30 graph nodes, 0 warnings
2026-06-10T07:47:09.053Z rebuilt (inputs changed) in 631ms — 121 fights, 30 graph nodes, 0 warnings
2026-06-10T07:47:29.057Z rebuilt (inputs changed) in 628ms — 121 fights, 30 graph nodes, 0 warnings
2026-06-10T07:47:49.065Z rebuilt (inputs changed) in 630ms — 121 fights, 30 graph nodes, 0 warnings
2026-06-10T07:48:09.080Z rebuilt (inputs changed) in 640ms — 121 fights, 30 graph nodes, 0 warnings
2026-06-10T07:48:29.073Z rebuilt (inputs changed) in 624ms — 121 fights, 30 graph nodes, 0 warnings
2026-06-10T07:48:49.082Z rebuilt (inputs changed) in 628ms — 121 fights, 30 graph nodes, 0 warnings
2026-06-10T07:49:09.091Z rebuilt (inputs changed) in 633ms — 121 fights, 30 graph nodes, 0 warnings
2026-06-10T07:49:29.097Z rebuilt (inputs changed) in 627ms — 121 fights, 30 graph nodes, 0 warnings
2026-06-10T07:49:49.082Z rebuilt (inputs changed) in 634ms — 121 fights, 30 graph nodes, 0 warnings
2026-06-10T07:50:14.124Z rebuilt (inputs changed) in 640ms — 121 fights, 30 graph nodes, 0 warnings
2026-06-10T07:50:34.117Z rebuilt (inputs changed) in 636ms — 121 fights, 30 graph nodes, 0 warnings
2026-06-10T07:50:54.131Z rebuilt (inputs changed) in 634ms — 121 fights, 30 graph nodes, 0 warnings
2026-06-10T07:51:14.138Z rebuilt (inputs changed) in 645ms — 121 fights, 30 graph nodes, 0 warnings
2026-06-10T07:51:34.136Z rebuilt (inputs changed) in 633ms — 121 fights, 30 graph nodes, 0 warnings
2026-06-10T07:51:54.140Z rebuilt (inputs changed) in 631ms — 121 fights, 30 graph nodes, 0 warnings
2026-06-10T07:52:14.137Z rebuilt (inputs changed) in 624ms — 121 fights, 30 graph nodes, 0 warnings
2026-06-10T07:52:34.163Z rebuilt (inputs changed) in 640ms — 121 fights, 30 graph nodes, 0 warnings
2026-06-10T07:52:54.154Z rebuilt (inputs changed) in 629ms — 121 fights, 30 graph nodes, 0 warnings
2026-06-10T07:53:14.160Z rebuilt (inputs changed) in 629ms — 121 fights, 30 graph nodes, 0 warnings
2026-06-10T07:53:34.156Z rebuilt (inputs changed) in 638ms — 121 fights, 30 graph nodes, 0 warnings
2026-06-10T07:53:59.230Z rebuilt (inputs changed) in 681ms — 121 fights, 30 graph nodes, 0 warnings
2026-06-10T07:54:19.182Z rebuilt (inputs changed) in 632ms — 121 fights, 30 graph nodes, 0 warnings
2026-06-10T07:54:39.486Z rebuilt (inputs changed) in 921ms — 121 fights, 30 graph nodes, 0 warnings
2026-06-10T07:54:59.215Z rebuilt (inputs changed) in 652ms — 121 fights, 30 graph nodes, 0 warnings
2026-06-10T07:55:19.203Z rebuilt (inputs changed) in 627ms — 121 fights, 30 graph nodes, 0 warnings
2026-06-10T07:55:39.221Z rebuilt (inputs changed) in 636ms — 121 fights, 30 graph nodes, 0 warnings
2026-06-10T07:55:59.223Z rebuilt (inputs changed) in 626ms — 121 fights, 30 graph nodes, 0 warnings
2026-06-10T07:56:19.226Z rebuilt (inputs changed) in 625ms — 121 fights, 30 graph nodes, 0 warnings
2026-06-10T07:56:39.236Z rebuilt (inputs changed) in 633ms — 121 fights, 30 graph nodes, 0 warnings
2026-06-10T07:56:59.220Z rebuilt (inputs changed) in 629ms — 121 fights, 30 graph nodes, 0 warnings
2026-06-10T07:57:24.253Z rebuilt (inputs changed) in 641ms — 121 fights, 30 graph nodes, 0 warnings
2026-06-10T07:57:44.264Z rebuilt (inputs changed) in 640ms — 121 fights, 30 graph nodes, 0 warnings
2026-06-10T07:58:04.260Z rebuilt (inputs changed) in 634ms — 121 fights, 30 graph nodes, 0 warnings
2026-06-10T07:58:24.266Z rebuilt (inputs changed) in 628ms — 121 fights, 30 graph nodes, 0 warnings
2026-06-10T07:58:44.282Z rebuilt (inputs changed) in 635ms — 121 fights, 30 graph nodes, 0 warnings
2026-06-10T07:59:04.292Z rebuilt (inputs changed) in 635ms — 121 fights, 30 graph nodes, 0 warnings
2026-06-10T07:59:24.301Z rebuilt (inputs changed) in 636ms — 121 fights, 30 graph nodes, 0 warnings
2026-06-10T07:59:44.303Z rebuilt (inputs changed) in 631ms — 121 fights, 30 graph nodes, 0 warnings
2026-06-10T08:00:04.611Z rebuilt (inputs changed) in 930ms — 121 fights, 30 graph nodes, 0 warnings
2026-06-10T08:00:24.309Z rebuilt (inputs changed) in 626ms — 121 fights, 30 graph nodes, 0 warnings
2026-06-10T08:00:44.321Z rebuilt (inputs changed) in 636ms — 121 fights, 30 graph nodes, 0 warnings
2026-06-10T08:01:04.325Z rebuilt (inputs changed) in 632ms — 121 fights, 30 graph nodes, 0 warnings
2026-06-10T08:01:24.296Z rebuilt (inputs changed) in 619ms — 121 fights, 30 graph nodes, 0 warnings
2026-06-10T08:01:49.343Z rebuilt (inputs changed) in 638ms — 121 fights, 30 graph nodes, 0 warnings
2026-06-10T08:02:09.348Z rebuilt (inputs changed) in 635ms — 121 fights, 30 graph nodes, 0 warnings
2026-06-10T08:02:29.353Z rebuilt (inputs changed) in 634ms — 121 fights, 30 graph nodes, 0 warnings
2026-06-10T08:02:49.355Z rebuilt (inputs changed) in 625ms — 121 fights, 30 graph nodes, 0 warnings
2026-06-10T08:03:09.380Z rebuilt (inputs changed) in 640ms — 121 fights, 30 graph nodes, 0 warnings
2026-06-10T08:03:29.374Z rebuilt (inputs changed) in 629ms — 121 fights, 30 graph nodes, 0 warnings
2026-06-10T08:03:49.380Z rebuilt (inputs changed) in 628ms — 121 fights, 30 graph nodes, 0 warnings
2026-06-10T08:04:09.395Z rebuilt (inputs changed) in 636ms — 121 fights, 30 graph nodes, 0 warnings
2026-06-10T08:04:29.398Z rebuilt (inputs changed) in 633ms — 121 fights, 30 graph nodes, 0 warnings
2026-06-10T08:04:49.408Z rebuilt (inputs changed) in 633ms — 121 fights, 30 graph nodes, 0 warnings
2026-06-10T08:05:09.393Z rebuilt (inputs changed) in 632ms — 121 fights, 30 graph nodes, 0 warnings
2026-06-10T08:05:34.423Z rebuilt (inputs changed) in 629ms — 121 fights, 30 graph nodes, 0 warnings
2026-06-10T08:05:54.422Z rebuilt (inputs changed) in 627ms — 121 fights, 30 graph nodes, 0 warnings
2026-06-10T08:06:14.448Z rebuilt (inputs changed) in 641ms — 121 fights, 30 graph nodes, 0 warnings
2026-06-10T08:06:34.444Z rebuilt (inputs changed) in 631ms — 121 fights, 30 graph nodes, 0 warnings
2026-06-10T08:06:54.450Z rebuilt (inputs changed) in 632ms — 121 fights, 30 graph nodes, 0 warnings
2026-06-10T08:07:14.477Z rebuilt (inputs changed) in 651ms — 121 fights, 30 graph nodes, 0 warnings
2026-06-10T08:07:34.457Z rebuilt (inputs changed) in 627ms — 121 fights, 30 graph nodes, 0 warnings
2026-06-10T08:07:54.466Z rebuilt (inputs changed) in 634ms — 121 fights, 30 graph nodes, 0 warnings
2026-06-10T08:08:14.477Z rebuilt (inputs changed) in 636ms — 121 fights, 30 graph nodes, 0 warnings
2026-06-10T08:08:34.487Z rebuilt (inputs changed) in 639ms — 121 fights, 30 graph nodes, 0 warnings
2026-06-10T08:08:54.467Z rebuilt (inputs changed) in 634ms — 121 fights, 30 graph nodes, 0 warnings
2026-06-10T08:09:19.500Z rebuilt (inputs changed) in 633ms — 121 fights, 30 graph nodes, 0 warnings
2026-06-10T08:09:39.502Z rebuilt (inputs changed) in 635ms — 121 fights, 30 graph nodes, 0 warnings
2026-06-10T08:09:59.512Z rebuilt (inputs changed) in 639ms — 121 fights, 30 graph nodes, 0 warnings
2026-06-10T08:10:14.520Z rebuilt (inputs changed) in 644ms — 121 fights, 30 graph nodes, 0 warnings
2026-06-10T08:10:19.505Z rebuilt (inputs changed) in 628ms — 121 fights, 30 graph nodes, 0 warnings
2026-06-10T08:10:39.524Z rebuilt (inputs changed) in 636ms — 121 fights, 30 graph nodes, 0 warnings
2026-06-10T08:10:59.519Z rebuilt (inputs changed) in 629ms — 121 fights, 30 graph nodes, 0 warnings
2026-06-10T08:11:19.527Z rebuilt (inputs changed) in 638ms — 121 fights, 30 graph nodes, 0 warnings
2026-06-10T08:11:39.553Z rebuilt (inputs changed) in 652ms — 121 fights, 30 graph nodes, 0 warnings
2026-06-10T08:11:59.542Z rebuilt (inputs changed) in 633ms — 121 fights, 30 graph nodes, 0 warnings
2026-06-10T08:12:19.530Z rebuilt (inputs changed) in 623ms — 121 fights, 30 graph nodes, 0 warnings
2026-06-10T08:12:39.541Z rebuilt (inputs changed) in 642ms — 121 fights, 30 graph nodes, 0 warnings
2026-06-10T08:13:04.560Z rebuilt (inputs changed) in 626ms — 121 fights, 30 graph nodes, 0 warnings
2026-06-10T08:13:24.569Z rebuilt (inputs changed) in 626ms — 121 fights, 30 graph nodes, 0 warnings
2026-06-10T08:13:44.585Z rebuilt (inputs changed) in 642ms — 121 fights, 30 graph nodes, 0 warnings
2026-06-10T08:14:04.590Z rebuilt (inputs changed) in 635ms — 121 fights, 30 graph nodes, 0 warnings
2026-06-10T08:14:24.593Z rebuilt (inputs changed) in 628ms — 121 fights, 30 graph nodes, 0 warnings
2026-06-10T08:14:44.615Z rebuilt (inputs changed) in 643ms — 121 fights, 30 graph nodes, 0 warnings
2026-06-10T08:15:04.617Z rebuilt (inputs changed) in 641ms — 121 fights, 30 graph nodes, 0 warnings
2026-06-10T08:15:24.610Z rebuilt (inputs changed) in 631ms — 121 fights, 30 graph nodes, 0 warnings
2026-06-10T08:15:44.627Z rebuilt (inputs changed) in 634ms — 121 fights, 30 graph nodes, 0 warnings
2026-06-10T08:16:04.634Z rebuilt (inputs changed) in 638ms — 121 fights, 30 graph nodes, 0 warnings
2026-06-10T08:16:24.615Z rebuilt (inputs changed) in 634ms — 121 fights, 30 graph nodes, 0 warnings
2026-06-10T08:16:49.645Z rebuilt (inputs changed) in 628ms — 121 fights, 30 graph nodes, 0 warnings
2026-06-10T08:17:09.653Z rebuilt (inputs changed) in 631ms — 121 fights, 30 graph nodes, 0 warnings
2026-06-10T08:17:29.655Z rebuilt (inputs changed) in 632ms — 121 fights, 30 graph nodes, 0 warnings
2026-06-10T08:17:49.673Z rebuilt (inputs changed) in 639ms — 121 fights, 30 graph nodes, 0 warnings
2026-06-10T08:18:09.670Z rebuilt (inputs changed) in 636ms — 121 fights, 30 graph nodes, 0 warnings
2026-06-10T08:18:29.675Z rebuilt (inputs changed) in 630ms — 121 fights, 30 graph nodes, 0 warnings
2026-06-10T08:18:49.684Z rebuilt (inputs changed) in 629ms — 121 fights, 30 graph nodes, 0 warnings
2026-06-10T08:19:09.697Z rebuilt (inputs changed) in 638ms — 121 fights, 30 graph nodes, 0 warnings
2026-06-10T08:19:29.697Z rebuilt (inputs changed) in 631ms — 121 fights, 30 graph nodes, 0 warnings
2026-06-10T08:19:49.701Z rebuilt (inputs changed) in 628ms — 121 fights, 30 graph nodes, 0 warnings
2026-06-10T08:20:09.686Z rebuilt (inputs changed) in 630ms — 121 fights, 30 graph nodes, 0 warnings
2026-06-10T08:20:34.716Z rebuilt (inputs changed) in 629ms — 121 fights, 30 graph nodes, 0 warnings
2026-06-10T08:20:54.728Z rebuilt (inputs changed) in 637ms — 121 fights, 30 graph nodes, 0 warnings
2026-06-10T08:21:14.995Z rebuilt (inputs changed) in 900ms — 121 fights, 30 graph nodes, 0 warnings
2026-06-10T08:21:34.737Z rebuilt (inputs changed) in 633ms — 121 fights, 30 graph nodes, 0 warnings
2026-06-10T08:21:54.755Z rebuilt (inputs changed) in 638ms — 121 fights, 30 graph nodes, 0 warnings
2026-06-10T08:22:14.755Z rebuilt (inputs changed) in 639ms — 121 fights, 30 graph nodes, 0 warnings
2026-06-10T08:22:34.749Z rebuilt (inputs changed) in 628ms — 121 fights, 30 graph nodes, 0 warnings
2026-06-10T08:22:54.760Z rebuilt (inputs changed) in 635ms — 121 fights, 30 graph nodes, 0 warnings
2026-06-10T08:23:14.866Z rebuilt (inputs changed) in 732ms — 121 fights, 30 graph nodes, 0 warnings
2026-06-10T08:23:34.767Z rebuilt (inputs changed) in 625ms — 121 fights, 30 graph nodes, 0 warnings
2026-06-10T08:23:54.759Z rebuilt (inputs changed) in 632ms — 121 fights, 30 graph nodes, 0 warnings
2026-06-10T08:24:19.815Z rebuilt (inputs changed) in 649ms — 121 fights, 30 graph nodes, 0 warnings
2026-06-10T08:24:39.835Z rebuilt (inputs changed) in 670ms — 121 fights, 30 graph nodes, 0 warnings
2026-06-10T08:24:59.804Z rebuilt (inputs changed) in 633ms — 121 fights, 30 graph nodes, 0 warnings
2026-06-10T08:25:19.806Z rebuilt (inputs changed) in 626ms — 121 fights, 30 graph nodes, 0 warnings
2026-06-10T08:25:39.823Z rebuilt (inputs changed) in 638ms — 121 fights, 30 graph nodes, 0 warnings
2026-06-10T08:25:59.823Z rebuilt (inputs changed) in 634ms — 121 fights, 30 graph nodes, 0 warnings
2026-06-10T08:26:19.835Z rebuilt (inputs changed) in 636ms — 121 fights, 30 graph nodes, 0 warnings
2026-06-10T08:26:39.848Z rebuilt (inputs changed) in 640ms — 121 fights, 30 graph nodes, 0 warnings
2026-06-10T08:26:59.845Z rebuilt (inputs changed) in 630ms — 121 fights, 30 graph nodes, 0 warnings
2026-06-10T08:27:19.861Z rebuilt (inputs changed) in 638ms — 121 fights, 30 graph nodes, 0 warnings
2026-06-10T08:27:39.840Z rebuilt (inputs changed) in 635ms — 121 fights, 30 graph nodes, 0 warnings
2026-06-10T08:28:05.018Z rebuilt (inputs changed) in 782ms — 121 fights, 30 graph nodes, 0 warnings
2026-06-10T08:28:24.876Z rebuilt (inputs changed) in 632ms — 121 fights, 30 graph nodes, 0 warnings
2026-06-10T08:28:44.939Z rebuilt (inputs changed) in 687ms — 121 fights, 30 graph nodes, 0 warnings
2026-06-10T08:29:04.945Z rebuilt (inputs changed) in 692ms — 121 fights, 30 graph nodes, 0 warnings
2026-06-10T08:29:24.892Z rebuilt (inputs changed) in 625ms — 121 fights, 30 graph nodes, 0 warnings
2026-06-10T08:29:44.920Z rebuilt (inputs changed) in 638ms — 121 fights, 30 graph nodes, 0 warnings
2026-06-10T08:30:05.000Z rebuilt (inputs changed) in 716ms — 121 fights, 30 graph nodes, 0 warnings
2026-06-10T08:30:25.333Z rebuilt (inputs changed) in 1049ms — 121 fights, 30 graph nodes, 0 warnings
2026-06-10T08:30:44.953Z rebuilt (inputs changed) in 657ms — 121 fights, 30 graph nodes, 0 warnings
2026-06-10T08:31:04.907Z rebuilt (inputs changed) in 630ms — 121 fights, 30 graph nodes, 0 warnings
2026-06-10T08:31:29.942Z rebuilt (inputs changed) in 634ms — 121 fights, 30 graph nodes, 0 warnings
2026-06-10T08:31:49.961Z rebuilt (inputs changed) in 642ms — 121 fights, 30 graph nodes, 0 warnings
2026-06-10T08:32:09.950Z rebuilt (inputs changed) in 628ms — 121 fights, 30 graph nodes, 0 warnings
2026-06-10T08:32:29.965Z rebuilt (inputs changed) in 640ms — 121 fights, 30 graph nodes, 0 warnings
2026-06-10T08:32:49.964Z rebuilt (inputs changed) in 629ms — 121 fights, 30 graph nodes, 0 warnings
2026-06-10T08:33:09.979Z rebuilt (inputs changed) in 643ms — 121 fights, 30 graph nodes, 0 warnings
2026-06-10T08:33:29.983Z rebuilt (inputs changed) in 639ms — 121 fights, 30 graph nodes, 0 warnings
2026-06-10T08:33:49.983Z rebuilt (inputs changed) in 634ms — 121 fights, 30 graph nodes, 0 warnings
2026-06-10T08:34:09.996Z rebuilt (inputs changed) in 639ms — 121 fights, 30 graph nodes, 0 warnings
2026-06-10T08:34:30.006Z rebuilt (inputs changed) in 637ms — 121 fights, 30 graph nodes, 0 warnings
2026-06-10T08:34:50.008Z rebuilt (inputs changed) in 632ms — 121 fights, 30 graph nodes, 0 warnings
2026-06-10T08:35:10.011Z rebuilt (inputs changed) in 633ms — 121 fights, 30 graph nodes, 0 warnings
2026-06-10T08:35:29.989Z rebuilt (inputs changed) in 625ms — 121 fights, 30 graph nodes, 0 warnings
2026-06-10T08:35:55.028Z rebuilt (inputs changed) in 630ms — 121 fights, 30 graph nodes, 0 warnings
2026-06-10T08:36:15.045Z rebuilt (inputs changed) in 641ms — 121 fights, 30 graph nodes, 0 warnings
2026-06-10T08:36:35.050Z rebuilt (inputs changed) in 638ms — 121 fights, 30 graph nodes, 0 warnings
2026-06-10T08:36:55.058Z rebuilt (inputs changed) in 635ms — 121 fights, 30 graph nodes, 0 warnings
2026-06-10T08:37:15.061Z rebuilt (inputs changed) in 635ms — 121 fights, 30 graph nodes, 0 warnings
2026-06-10T08:37:35.064Z rebuilt (inputs changed) in 633ms — 121 fights, 30 graph nodes, 0 warnings
2026-06-10T08:37:55.066Z rebuilt (inputs changed) in 629ms — 121 fights, 30 graph nodes, 0 warnings
2026-06-10T08:38:15.086Z rebuilt (inputs changed) in 639ms — 121 fights, 30 graph nodes, 0 warnings
2026-06-10T08:38:35.083Z rebuilt (inputs changed) in 630ms — 121 fights, 30 graph nodes, 0 warnings
2026-06-10T08:38:55.089Z rebuilt (inputs changed) in 627ms — 121 fights, 30 graph nodes, 0 warnings
2026-06-10T08:39:15.085Z rebuilt (inputs changed) in 644ms — 121 fights, 30 graph nodes, 0 warnings
2026-06-10T08:39:40.112Z rebuilt (inputs changed) in 636ms — 121 fights, 30 graph nodes, 0 warnings
2026-06-10T08:40:00.107Z rebuilt (inputs changed) in 625ms — 121 fights, 30 graph nodes, 0 warnings
2026-06-10T08:40:20.125Z rebuilt (inputs changed) in 642ms — 121 fights, 30 graph nodes, 0 warnings
2026-06-10T08:40:40.121Z rebuilt (inputs changed) in 631ms — 121 fights, 30 graph nodes, 0 warnings
2026-06-10T08:41:00.134Z rebuilt (inputs changed) in 639ms — 121 fights, 30 graph nodes, 0 warnings
2026-06-10T08:41:20.137Z rebuilt (inputs changed) in 634ms — 121 fights, 30 graph nodes, 0 warnings
2026-06-10T08:41:40.153Z rebuilt (inputs changed) in 643ms — 121 fights, 30 graph nodes, 0 warnings
2026-06-10T08:42:00.157Z rebuilt (inputs changed) in 637ms — 121 fights, 30 graph nodes, 0 warnings
2026-06-10T08:42:20.155Z rebuilt (inputs changed) in 632ms — 121 fights, 30 graph nodes, 0 warnings
2026-06-10T08:42:40.157Z rebuilt (inputs changed) in 635ms — 121 fights, 30 graph nodes, 0 warnings
2026-06-10T08:43:00.142Z rebuilt (inputs changed) in 629ms — 121 fights, 30 graph nodes, 0 warnings
2026-06-10T08:43:25.178Z rebuilt (inputs changed) in 633ms — 121 fights, 30 graph nodes, 0 warnings
2026-06-10T08:43:45.186Z rebuilt (inputs changed) in 636ms — 121 fights, 30 graph nodes, 0 warnings
2026-06-10T08:44:05.191Z rebuilt (inputs changed) in 635ms — 121 fights, 30 graph nodes, 0 warnings
2026-06-10T08:44:25.195Z rebuilt (inputs changed) in 630ms — 121 fights, 30 graph nodes, 0 warnings
2026-06-10T08:44:45.210Z rebuilt (inputs changed) in 640ms — 121 fights, 30 graph nodes, 0 warnings
2026-06-10T08:45:05.206Z rebuilt (inputs changed) in 633ms — 121 fights, 30 graph nodes, 0 warnings
2026-06-10T08:45:25.232Z rebuilt (inputs changed) in 657ms — 121 fights, 30 graph nodes, 0 warnings
2026-06-10T08:45:45.233Z rebuilt (inputs changed) in 644ms — 121 fights, 30 graph nodes, 0 warnings
2026-06-10T08:46:05.224Z rebuilt (inputs changed) in 629ms — 121 fights, 30 graph nodes, 0 warnings
2026-06-10T08:46:25.234Z rebuilt (inputs changed) in 632ms — 121 fights, 30 graph nodes, 0 warnings
2026-06-10T08:46:45.222Z rebuilt (inputs changed) in 635ms — 121 fights, 30 graph nodes, 0 warnings
2026-06-10T08:47:10.248Z rebuilt (inputs changed) in 634ms — 121 fights, 30 graph nodes, 0 warnings
2026-06-10T08:47:30.255Z rebuilt (inputs changed) in 630ms — 121 fights, 30 graph nodes, 0 warnings
2026-06-10T08:47:50.274Z rebuilt (inputs changed) in 642ms — 121 fights, 30 graph nodes, 0 warnings
2026-06-10T08:48:10.272Z rebuilt (inputs changed) in 632ms — 121 fights, 30 graph nodes, 0 warnings
2026-06-10T08:48:30.278Z rebuilt (inputs changed) in 635ms — 121 fights, 30 graph nodes, 0 warnings
2026-06-10T08:48:50.275Z rebuilt (inputs changed) in 634ms — 121 fights, 30 graph nodes, 0 warnings
2026-06-10T08:49:10.290Z rebuilt (inputs changed) in 642ms — 121 fights, 30 graph nodes, 0 warnings
2026-06-10T08:49:30.292Z rebuilt (inputs changed) in 636ms — 121 fights, 30 graph nodes, 0 warnings
2026-06-10T08:49:50.305Z rebuilt (inputs changed) in 645ms — 121 fights, 30 graph nodes, 0 warnings
2026-06-10T08:50:10.310Z rebuilt (inputs changed) in 641ms — 121 fights, 30 graph nodes, 0 warnings
2026-06-10T08:50:30.289Z rebuilt (inputs changed) in 637ms — 121 fights, 30 graph nodes, 0 warnings
2026-06-10T08:50:55.320Z rebuilt (inputs changed) in 628ms — 121 fights, 30 graph nodes, 0 warnings
2026-06-10T08:51:15.371Z rebuilt (inputs changed) in 668ms — 121 fights, 30 graph nodes, 0 warnings
2026-06-10T08:51:35.342Z rebuilt (inputs changed) in 643ms — 121 fights, 30 graph nodes, 0 warnings
2026-06-10T08:51:55.344Z rebuilt (inputs changed) in 639ms — 121 fights, 30 graph nodes, 0 warnings
2026-06-10T08:52:15.358Z rebuilt (inputs changed) in 653ms — 121 fights, 30 graph nodes, 0 warnings
2026-06-10T08:52:35.346Z rebuilt (inputs changed) in 632ms — 121 fights, 30 graph nodes, 0 warnings
2026-06-10T08:52:55.356Z rebuilt (inputs changed) in 635ms — 121 fights, 30 graph nodes, 0 warnings
2026-06-10T08:53:15.374Z rebuilt (inputs changed) in 639ms — 121 fights, 30 graph nodes, 0 warnings
2026-06-10T08:53:35.369Z rebuilt (inputs changed) in 636ms — 121 fights, 30 graph nodes, 0 warnings
2026-06-10T08:53:55.384Z rebuilt (inputs changed) in 634ms — 121 fights, 30 graph nodes, 0 warnings
2026-06-10T08:54:15.370Z rebuilt (inputs changed) in 638ms — 121 fights, 30 graph nodes, 0 warnings
2026-06-10T08:54:40.389Z rebuilt (inputs changed) in 636ms — 121 fights, 30 graph nodes, 0 warnings
2026-06-10T08:55:00.397Z rebuilt (inputs changed) in 644ms — 121 fights, 30 graph nodes, 0 warnings
2026-06-10T08:55:20.412Z rebuilt (inputs changed) in 640ms — 121 fights, 30 graph nodes, 0 warnings
2026-06-10T08:55:40.413Z rebuilt (inputs changed) in 631ms — 121 fights, 30 graph nodes, 0 warnings
2026-06-10T08:56:00.424Z rebuilt (inputs changed) in 634ms — 121 fights, 30 graph nodes, 0 warnings
2026-06-10T08:56:20.435Z rebuilt (inputs changed) in 641ms — 121 fights, 30 graph nodes, 0 warnings
2026-06-10T08:56:40.431Z rebuilt (inputs changed) in 632ms — 121 fights, 30 graph nodes, 0 warnings
2026-06-10T08:57:00.432Z rebuilt (inputs changed) in 629ms — 121 fights, 30 graph nodes, 0 warnings
2026-06-10T08:57:20.444Z rebuilt (inputs changed) in 638ms — 121 fights, 30 graph nodes, 0 warnings
2026-06-10T08:57:40.447Z rebuilt (inputs changed) in 630ms — 121 fights, 30 graph nodes, 0 warnings
2026-06-10T08:58:00.432Z rebuilt (inputs changed) in 630ms — 121 fights, 30 graph nodes, 0 warnings
2026-06-10T08:58:25.461Z rebuilt (inputs changed) in 628ms — 121 fights, 30 graph nodes, 0 warnings
2026-06-10T08:58:45.471Z rebuilt (inputs changed) in 635ms — 121 fights, 30 graph nodes, 0 warnings
2026-06-10T08:59:05.471Z rebuilt (inputs changed) in 627ms — 121 fights, 30 graph nodes, 0 warnings
2026-06-10T08:59:25.470Z rebuilt (inputs changed) in 624ms — 121 fights, 30 graph nodes, 0 warnings
2026-06-10T08:59:45.498Z rebuilt (inputs changed) in 642ms — 121 fights, 30 graph nodes, 0 warnings
2026-06-10T09:00:05.715Z rebuilt (inputs changed) in 853ms — 121 fights, 30 graph nodes, 0 warnings
2026-06-10T09:00:25.505Z rebuilt (inputs changed) in 638ms — 121 fights, 30 graph nodes, 0 warnings
2026-06-10T09:00:45.517Z rebuilt (inputs changed) in 641ms — 121 fights, 30 graph nodes, 0 warnings
2026-06-10T09:01:05.509Z rebuilt (inputs changed) in 630ms — 121 fights, 30 graph nodes, 0 warnings
2026-06-10T09:01:25.525Z rebuilt (inputs changed) in 636ms — 121 fights, 30 graph nodes, 0 warnings
2026-06-10T09:01:45.505Z rebuilt (inputs changed) in 635ms — 121 fights, 30 graph nodes, 0 warnings
2026-06-10T09:02:10.530Z rebuilt (inputs changed) in 628ms — 121 fights, 30 graph nodes, 0 warnings
2026-06-10T09:02:30.537Z rebuilt (inputs changed) in 633ms — 121 fights, 30 graph nodes, 0 warnings
2026-06-10T09:02:50.564Z rebuilt (inputs changed) in 647ms — 121 fights, 30 graph nodes, 0 warnings
2026-06-10T09:03:10.558Z rebuilt (inputs changed) in 629ms — 121 fights, 30 graph nodes, 0 warnings
2026-06-10T09:03:30.573Z rebuilt (inputs changed) in 637ms — 121 fights, 30 graph nodes, 0 warnings
2026-06-10T09:03:50.579Z rebuilt (inputs changed) in 641ms — 121 fights, 30 graph nodes, 0 warnings
2026-06-10T09:04:10.582Z rebuilt (inputs changed) in 631ms — 121 fights, 30 graph nodes, 0 warnings
2026-06-10T09:04:30.583Z rebuilt (inputs changed) in 630ms — 121 fights, 30 graph nodes, 0 warnings
2026-06-10T09:04:50.592Z rebuilt (inputs changed) in 631ms — 121 fights, 30 graph nodes, 0 warnings
2026-06-10T09:05:10.603Z rebuilt (inputs changed) in 637ms — 121 fights, 30 graph nodes, 0 warnings
2026-06-10T09:05:30.571Z rebuilt (inputs changed) in 623ms — 121 fights, 30 graph nodes, 0 warnings
2026-06-10T09:05:55.624Z rebuilt (inputs changed) in 641ms — 121 fights, 30 graph nodes, 0 warnings
2026-06-10T09:06:15.628Z rebuilt (inputs changed) in 637ms — 121 fights, 30 graph nodes, 0 warnings
2026-06-10T09:06:35.630Z rebuilt (inputs changed) in 632ms — 121 fights, 30 graph nodes, 0 warnings
2026-06-10T09:06:55.629Z rebuilt (inputs changed) in 632ms — 121 fights, 30 graph nodes, 0 warnings
2026-06-10T09:07:15.650Z rebuilt (inputs changed) in 638ms — 121 fights, 30 graph nodes, 0 warnings
2026-06-10T12:11:07.148Z rebuilt (periodic) in 3011ms — 121 fights, 30 graph nodes, 0 warnings
2026-06-10T12:11:24.320Z rebuilt (inputs changed) in 534ms — 121 fights, 30 graph nodes, 0 warnings
2026-06-10T12:11:29.263Z rebuilt (inputs changed) in 471ms — 121 fights, 30 graph nodes, 0 warnings
2026-06-10T12:11:49.235Z rebuilt (inputs changed) in 435ms — 121 fights, 30 graph nodes, 0 warnings
2026-06-10T12:12:09.233Z rebuilt (inputs changed) in 424ms — 121 fights, 30 graph nodes, 0 warnings
2026-06-10T12:12:29.239Z rebuilt (inputs changed) in 422ms — 121 fights, 30 graph nodes, 0 warnings
2026-06-10T12:12:49.200Z rebuilt (inputs changed) in 403ms — 121 fights, 30 graph nodes, 0 warnings
2026-06-10T12:13:14.249Z rebuilt (inputs changed) in 423ms — 121 fights, 30 graph nodes, 0 warnings
2026-06-10T12:13:34.252Z rebuilt (inputs changed) in 420ms — 121 fights, 30 graph nodes, 0 warnings
2026-06-10T12:13:54.254Z rebuilt (inputs changed) in 418ms — 121 fights, 30 graph nodes, 0 warnings
2026-06-10T12:14:14.268Z rebuilt (inputs changed) in 419ms — 121 fights, 30 graph nodes, 0 warnings
2026-06-10T12:14:34.270Z rebuilt (inputs changed) in 419ms — 121 fights, 30 graph nodes, 0 warnings
2026-06-10T12:14:54.271Z rebuilt (inputs changed) in 411ms — 121 fights, 30 graph nodes, 0 warnings
2026-06-10T12:15:14.279Z rebuilt (inputs changed) in 416ms — 121 fights, 30 graph nodes, 0 warnings
2026-06-10T12:15:34.285Z rebuilt (inputs changed) in 415ms — 121 fights, 30 graph nodes, 0 warnings
2026-06-10T12:15:54.288Z rebuilt (inputs changed) in 412ms — 121 fights, 30 graph nodes, 0 warnings
2026-06-10T12:16:14.319Z rebuilt (inputs changed) in 427ms — 121 fights, 30 graph nodes, 0 warnings
2026-06-10T12:16:34.307Z rebuilt (inputs changed) in 423ms — 121 fights, 30 graph nodes, 0 warnings
2026-06-10T12:16:54.323Z rebuilt (inputs changed) in 434ms — 121 fights, 30 graph nodes, 0 warnings
2026-06-10T12:17:14.334Z rebuilt (inputs changed) in 454ms — 121 fights, 30 graph nodes, 0 warnings
